Component: ARM Compiler 6.13.1 Tool: armlink [5d895400]

==============================================================================

Section Cross References

    main.o(.text.App_Rch4MHzTo24MHz) refers to sysctrl.o(.text.Sysctrl_SetRCLTrim) for Sysctrl_SetRCLTrim
    main.o(.text.App_Rch4MHzTo24MHz) refers to sysctrl.o(.text.Sysctrl_ClkSourceEnable) for Sysctrl_ClkSourceEnable
    main.o(.text.App_Rch4MHzTo24MHz) refers to sysctrl.o(.text.Sysctrl_SysClkSwitch) for Sysctrl_SysClkSwitch
    main.o(.text.App_Rch4MHzTo24MHz) refers to sysctrl.o(.text.Sysctrl_SetRCHTrim) for Sysctrl_SetRCHTrim
    main.o(.text.App_Rch4MHzTo24MHz) refers to ddl.o(.text.delay1ms) for delay1ms
    main.o(.text.App_Rch4MHzTo24MHz) refers to sysctrl.o(.text.Sysctrl_ClkInit) for Sysctrl_ClkInit
    main.o(.ARM.exidx.text.App_Rch4MHzTo24MHz) refers to main.o(.text.App_Rch4MHzTo24MHz) for [Anonymous Symbol]
    main.o(.text.pnp_output) refers to bsp_output_signal.o(.text.signal_output_low_level) for signal_output_low_level
    main.o(.text.pnp_output) refers to bsp_output_signal.o(.text.signal_output_high_level) for signal_output_high_level
    main.o(.text.pnp_output) refers to main.o(.bss..L_MergedGlobals.1) for [Anonymous Symbol]
    main.o(.ARM.exidx.text.pnp_output) refers to main.o(.text.pnp_output) for [Anonymous Symbol]
    main.o(.text.act_led_output) refers to led.o(.text.act_led_on) for act_led_on
    main.o(.text.act_led_output) refers to led.o(.text.act_led_off) for act_led_off
    main.o(.text.act_led_output) refers to main.o(.data..L_MergedGlobals) for [Anonymous Symbol]
    main.o(.text.act_led_output) refers to main.o(.bss..L_MergedGlobals.1) for [Anonymous Symbol]
    main.o(.ARM.exidx.text.act_led_output) refers to main.o(.text.act_led_output) for [Anonymous Symbol]
    main.o(.text.func_led_output) refers to led.o(.text.act_led_on) for act_led_on
    main.o(.text.func_led_output) refers to led.o(.text.act_led_off) for act_led_off
    main.o(.text.func_led_output) refers to led.o(.text.power_led_off) for power_led_off
    main.o(.text.func_led_output) refers to led.o(.text.power_led_on) for power_led_on
    main.o(.text.func_led_output) refers to bsp_timer.o(.bss..L_MergedGlobals) for timer_cnt
    main.o(.text.func_led_output) refers to main.o(.data..L_MergedGlobals) for [Anonymous Symbol]
    main.o(.ARM.exidx.text.func_led_output) refers to main.o(.text.func_led_output) for [Anonymous Symbol]
    main.o(.text.object_detect) refers to main.o(.data..L_MergedGlobals) for [Anonymous Symbol]
    main.o(.text.object_detect) refers to main.o(.bss..L_MergedGlobals.1) for [Anonymous Symbol]
    main.o(.ARM.exidx.text.object_detect) refers to main.o(.text.object_detect) for [Anonymous Symbol]
    main.o(.text.detect_dis_set) refers to main.o(.bss..L_MergedGlobals.1) for [Anonymous Symbol]
    main.o(.text.detect_dis_set) refers to main.o(.data..L_MergedGlobals) for [Anonymous Symbol]
    main.o(.ARM.exidx.text.detect_dis_set) refers to main.o(.text.detect_dis_set) for [Anonymous Symbol]
    main.o(.text.func_led_display) refers to bsp_timer.o(.text.timer_stop) for timer_stop
    main.o(.text.func_led_display) refers to led.o(.text.act_led_off) for act_led_off
    main.o(.text.func_led_display) refers to led.o(.text.power_led_off) for power_led_off
    main.o(.text.func_led_display) refers to main.o(.text.func_led_output) for func_led_output
    main.o(.text.func_led_display) refers to bsp_timer.o(.bss..L_MergedGlobals) for is_timer_flag
    main.o(.text.func_led_display) refers to bsp_timer.o(.bss.cnt_2s) for cnt_2s
    main.o(.text.func_led_display) refers to main.o(.bss.dis_set_state) for dis_set_state
    main.o(.text.func_led_display) refers to key.o(.bss..L_MergedGlobals) for last_key_func
    main.o(.ARM.exidx.text.func_led_display) refers to main.o(.text.func_led_display) for [Anonymous Symbol]
    main.o(.text.current_protect) refers to bsp_current_signal.o(.text.over_current_dec) for over_current_dec
    main.o(.text.current_protect) refers to bsp_output_signal.o(.text.signal_output_low_level) for signal_output_low_level
    main.o(.ARM.exidx.text.current_protect) refers to main.o(.text.current_protect) for [Anonymous Symbol]
    main.o(.text.main) refers to main.o(.text.App_Rch4MHzTo24MHz) for App_Rch4MHzTo24MHz
    main.o(.text.main) refers to led.o(.text.all_led_init) for all_led_init
    main.o(.text.main) refers to bsp_uart.o(.text.uart0_init) for uart0_init
    main.o(.text.main) refers to key.o(.text.key_init) for key_init
    main.o(.text.main) refers to bsp_adc.o(.text.adc_init) for adc_init
    main.o(.text.main) refers to ld_pwm.o(.text.ld_pwm_init) for ld_pwm_init
    main.o(.text.main) refers to bsp_output_signal.o(.text.output_signal_init) for output_signal_init
    main.o(.text.main) refers to bsp_current_signal.o(.text.current_signal_init) for current_signal_init
    main.o(.text.main) refers to flash.o(.text.Flash_Init) for Flash_Init
[...]
    !!!main                                  0x000000c0   Section        8  __main.o(!!!main)
    !!!scatter                               0x000000c8   Section       60  __scatter.o(!!!scatter)
    !!handler_copy                           0x00000104   Section       26  __scatter_copy.o(!!handler_copy)
    !!handler_zi                             0x00000120   Section       28  __scatter_zi.o(!!handler_zi)
    .ARM.Collect$$_printf_percent$$00000000  0x0000013c   Section        2  _printf_percent.o(.ARM.Collect$$_printf_percent$$00000000)
    .ARM.Collect$$_printf_percent$$00000009  0x0000013e   Section       10  _printf_d.o(.ARM.Collect$$_printf_percent$$00000009)
    .ARM.Collect$$_printf_percent$$00000017  0x00000148   Section        4  _printf_percent_end.o(.ARM.Collect$$_printf_percent$$00000017)
    .ARM.Collect$$libinit$$00000000          0x0000014c   Section        2  libinit.o(.ARM.Collect$$libinit$$00000000)
    .ARM.Collect$$libinit$$00000002          0x0000014e   Section        0  libinit2.o(.ARM.Collect$$libinit$$00000002)
    .ARM.Collect$$libinit$$00000004          0x0000014e   Section        0  libinit2.o(.ARM.Collect$$libinit$$00000004)
    .ARM.Collect$$libinit$$0000000A          0x0000014e   Section        0  libinit2.o(.ARM.Collect$$libinit$$0000000A)
    .ARM.Collect$$libinit$$0000000C          0x0000014e   Section        0  libinit2.o(.ARM.Collect$$libinit$$0000000C)
    .ARM.Collect$$libinit$$0000000E          0x0000014e   Section        0  libinit2.o(.ARM.Collect$$libinit$$0000000E)
    .ARM.Collect$$libinit$$00000011          0x0000014e   Section        0  libinit2.o(.ARM.Collect$$libinit$$00000011)
    .ARM.Collect$$libinit$$00000013          0x0000014e   Section        0  libinit2.o(.ARM.Collect$$libinit$$00000013)
    .ARM.Collect$$libinit$$00000015          0x0000014e   Section        0  libinit2.o(.ARM.Collect$$libinit$$00000015)
    .ARM.Collect$$libinit$$00000017          0x0000014e   Section        0  libinit2.o(.ARM.Collect$$libinit$$00000017)
    .ARM.Collect$$libinit$$00000019          0x0000014e   Section        0  libinit2.o(.ARM.Collect$$libinit$$00000019)
    .ARM.Collect$$libinit$$0000001B          0x0000014e   Section        0  libinit2.o(.ARM.Collect$$libinit$$0000001B)
    .ARM.Collect$$libinit$$0000001D          0x0000014e   Section        0  libinit2.o(.ARM.Collect$$libinit$$0000001D)
    .ARM.Collect$$libinit$$0000001F          0x0000014e   Section        0  libinit2.o(.ARM.Collect$$libinit$$0000001F)
    .ARM.Collect$$libinit$$00000021          0x0000014e   Section        0  libinit2.o(.ARM.Collect$$libinit$$00000021)
    .ARM.Collect$$libinit$$00000023          0x0000014e   Section        0  libinit2.o(.ARM.Collect$$libinit$$00000023)
    .ARM.Collect$$libinit$$00000025          0x0000014e   Section        0  libinit2.o(.ARM.Collect$$libinit$$00000025)
    .ARM.Collect$$libinit$$0000002C          0x0000014e   Section        0  libinit2.o(.ARM.Collect$$libinit$$0000002C)
    .ARM.Collect$$libinit$$0000002E          0x0000014e   Section        0  libinit2.o(.ARM.Collect$$libinit$$0000002E)
    .ARM.Collect$$libinit$$00000030          0x0000014e   Section        0  libinit2.o(.ARM.Collect$$libinit$$00000030)
    .ARM.Collect$$libinit$$00000032          0x0000014e   Section        0  libinit2.o(.ARM.Collect$$libinit$$00000032)
    .ARM.Collect$$libinit$$00000033          0x0000014e   Section        2  libinit2.o(.ARM.Collect$$libinit$$00000033)
    .ARM.Collect$$libshutdown$$00000000      0x00000150   Section        2  libshutdown.o(.ARM.Collect$$libshutdown$$00000000)
    .ARM.Collect$$libshutdown$$00000002      0x00000152   Section        0  libshutdown2.o(.ARM.Collect$$libshutdown$$00000002)
    .ARM.Collect$$libshutdown$$00000004      0x00000152   Section        0  libshutdown2.o(.ARM.Collect$$libshutdown$$00000004)
    .ARM.Collect$$libshutdown$$00000007      0x00000152   Section        0  libshutdown2.o(.ARM.Collect$$libshutdown$$00000007)
    .ARM.Collect$$libshutdown$$0000000A      0x00000152   Section        0  libshutdown2.o(.ARM.Collect$$libshutdown$$0000000A)
    .ARM.Collect$$libshutdown$$0000000C      0x00000152   Section        0  libshutdown2.o(.ARM.Collect$$libshutdown$$0000000C)
    .ARM.Collect$$libshutdown$$0000000F      0x00000152   Section        0  libshutdown2.o(.ARM.Collect$$libshutdown$$0000000F)
    .ARM.Collect$$libshutdown$$00000010      0x00000152   Section        2  libshutdown2.o(.ARM.Collect$$libshutdown$$00000010)
    .ARM.Collect$$rtentry$$00000000          0x00000154   Section        0  __rtentry.o(.ARM.Collect$$rtentry$$00000000)
    .ARM.Collect$$rtentry$$00000002          0x00000154   Section        0  __rtentry2.o(.ARM.Collect$$rtentry$$00000002)
    .ARM.Collect$$rtentry$$00000004          0x00000154   Section        6  __rtentry4.o(.ARM.Collect$$rtentry$$00000004)
    .ARM.Collect$$rtentry$$00000009          0x0000015a   Section        0  __rtentry2.o(.ARM.Collect$$rtentry$$00000009)
    .ARM.Collect$$rtentry$$0000000A          0x0000015a   Section        4  __rtentry2.o(.ARM.Collect$$rtentry$$0000000A)
    .ARM.Collect$$rtentry$$0000000C          0x0000015e   Section        0  __rtentry2.o(.ARM.Collect$$rtentry$$0000000C)
    .ARM.Collect$$rtentry$$0000000D          0x0000015e   Section        8  __rtentry2.o(.ARM.Collect$$rtentry$$0000000D)
    .ARM.Collect$$rtexit$$00000000           0x00000166   Section        2  rtexit.o(.ARM.Collect$$rtexit$$00000000)
    .ARM.Collect$$rtexit$$00000002           0x00000168   Section        0  rtexit2.o(.ARM.Collect$$rtexit$$00000002)
    .ARM.Collect$$rtexit$$00000003           0x00000168   Section        4  rtexit2.o(.ARM.Collect$$rtexit$$00000003)
    .ARM.Collect$$rtexit$$00000004           0x0000016c   Section        6  rtexit2.o(.ARM.Collect$$rtexit$$00000004)
    .text                                    0x00000174   Section       88  startup_hc32f005.o(.text)
    .text                                    0x000001cc   Section        0  noretval__2sprintf.o(.text)
    .text                                    0x000001f4   Section        0  __printf.o(.text)
    .text                                    0x00000260   Section        0  _printf_dec.o(.text)
    .text                                    0x000002cc   Section        0  strlen.o(.text)
    .text                                    0x00000310   Section        0  rt_memclr.o(.text)
    .text                                    0x00000350   Section      364  aeabi_sdiv.o(.text)
    .text                                    0x000004bc   Section        0  heapauxi.o(.text)
    .text                                    0x000004c2   Section        0  _printf_intcommon.o(.text)
    _printf_input_char                       0x00000575   Thumb Code    10  _printf_char_common.o(.text)
    .text                                    0x00000574   Section        0  _printf_char_common.o(.text)
    .text                                    0x000005a4   Section        0  _sputc.o(.text)
    .text                                    0x000005ae   Section        0  rtudiv10.o(.text)
    .text                                    0x000005d6   Section       62  sys_stackheap_outer.o(.text)
    .text                                    0x00000614   Section        0  exit.o(.text)
    .text                                    0x00000624   Section        8  libspace.o(.text)
    .text                                    0x0000062c   Section        0  sys_exit.o(.text)
    .text                                    0x00000638   Section        2  use_no_semi.o(.text)
    [Anonymous Symbol]                       0x0000063a   Section        0  interrupts_hc32f005.o(.text.ADC_IRQHandler)
    .text                                    0x0000063a   Section        0  indicate_semi.o(.text)
    [Anonymous Symbol]                       0x00000644   Section        0  adc.o(.text.Adc_ClrContIrqState)
    [Anonymous Symbol]                       0x00000650   Section        0  adc.o(.text.Adc_ClrHhtIrqState)
    [Anonymous Symbol]                       0x0000065c   Section        0  adc.o(.text.Adc_ClrIrqLltState)
    [Anonymous Symbol]                       0x00000668   Section        0  adc.o(.text.Adc_ClrRegIrqState)
    __arm_cp.2_0                             0x00000674   Number         4  adc.o(.text.Adc_ClrRegIrqState)
    [Anonymous Symbol]                       0x00000678   Section        0  adc.o(.text.Adc_CmpCfg)
    __arm_cp.6_0                             0x000006bc   Number         4  adc.o(.text.Adc_CmpCfg)
    [Anonymous Symbol]                       0x000006c0   Section        0  adc.o(.text.Adc_ConfigNormMode)
    __arm_cp.14_2                            0x00000700   Number         4  adc.o(.text.Adc_ConfigNormMode)
    [Anonymous Symbol]                       0x00000704   Section        0  adc.o(.text.Adc_Enable)
    [Anonymous Symbol]                       0x00000710   Section        0  adc.o(.text.Adc_EnableIrq)
    [Anonymous Symbol]                       0x00000720   Section        0  adc.o(.text.Adc_GetCH8Result)
    __arm_cp.22_0                            0x00000738   Number         4  adc.o(.text.Adc_GetCH8Result)
    [Anonymous Symbol]                       0x0000073c   Section        0  bsp_adc.o(.text.Adc_IRQHandler)
    __arm_cp.2_0                             0x0000077c   Number         4  bsp_adc.o(.text.Adc_IRQHandler)
    __arm_cp.2_1                             0x00000780   Number         4  bsp_adc.o(.text.Adc_IRQHandler)
    __arm_cp.2_2                             0x00000784   Number         4  bsp_adc.o(.text.Adc_IRQHandler)
    [Anonymous Symbol]                       0x00000788   Section        0  adc.o(.text.Adc_Init)
    __arm_cp.8_0                             0x0000083c   Number         4  adc.o(.text.Adc_Init)
    __arm_cp.8_1                             0x00000840   Number         4  adc.o(.text.Adc_Init)
    __arm_cp.8_2                             0x00000844   Number         4  adc.o(.text.Adc_Init)
    __arm_cp.8_3                             0x00000848   Number         4  adc.o(.text.Adc_Init)
    __arm_cp.8_4                             0x0000084c   Number         4  adc.o(.text.Adc_Init)
    __arm_cp.8_5                             0x00000850   Number         4  adc.o(.text.Adc_Init)
    __arm_cp.8_6                             0x00000854   Number         4  adc.o(.text.Adc_Init)
    __arm_cp.8_7                             0x00000858   Number         4  adc.o(.text.Adc_Init)
    __arm_cp.8_8                             0x0000085c   Number         4  adc.o(.text.Adc_Init)
    __arm_cp.8_9                             0x00000860   Number         4  adc.o(.text.Adc_Init)
    __arm_cp.8_10                            0x00000864   Number         4  adc.o(.text.Adc_Init)
    [Anonymous Symbol]                       0x00000868   Section        0  main.o(.text.App_Rch4MHzTo24MHz)
    [Anonymous Symbol]                       0x000008ac   Section        0  bgr.o(.text.Bgr_BgrEnable)
    __arm_cp.0_0                             0x000008c0   Number         4  bgr.o(.text.Bgr_BgrEnable)
    [Anonymous Symbol]                       0x000008c4   Section        0  bt.o(.text.Bt_ARRSet)
    __arm_cp.7_0                             0x00000900   Number         4  bt.o(.text.Bt_ARRSet)
    [Anonymous Symbol]                       0x00000904   Section        0  bt.o(.text.Bt_ClearIntFlag)
    __arm_cp.1_0                             0x00000928   Number         4  bt.o(.text.Bt_ClearIntFlag)
    [Anonymous Symbol]                       0x0000092c   Section        0  bt.o(.text.Bt_Cnt16Set)
    __arm_cp.8_0                             0x00000954   Number         4  bt.o(.text.Bt_Cnt16Set)
    __arm_cp.8_1                             0x00000958   Number         4  bt.o(.text.Bt_Cnt16Set)
    [Anonymous Symbol]                       0x0000095c   Section        0  bt.o(.text.Bt_DisableIrq)
    [Anonymous Symbol]                       0x00000984   Section        0  bt.o(.text.Bt_EnableIrq)
    [Anonymous Symbol]                       0x000009ac   Section        0  bt.o(.text.Bt_Init)
    [Anonymous Symbol]                       0x00000a2c   Section        0  bt.o(.text.Bt_Run)
    [Anonymous Symbol]                       0x00000a50   Section        0  bt.o(.text.Bt_Stop)
    __arm_cp.6_0                             0x00000a74   Number         4  bt.o(.text.Bt_Stop)
    [Anonymous Symbol]                       0x00000a78   Section        0  interrupts_hc32f005.o(.text.CLKTRIM_IRQHandler)
    [Anonymous Symbol]                       0x00000a80   Section        0  interrupts_hc32f005.o(.text.DMAC_IRQHandler)
    [Anonymous Symbol]                       0x00000a88   Section        0  interrupts_hc32f005.o(.text.EnableNvic)
    __arm_cp.0_0                             0x00000afc   Number         4  interrupts_hc32f005.o(.text.EnableNvic)
    __arm_cp.0_1                             0x00000b00   Number         4  interrupts_hc32f005.o(.text.EnableNvic)
    __arm_cp.0_2                             0x00000b04   Number         4  interrupts_hc32f005.o(.text.EnableNvic)
    __arm_cp.0_3                             0x00000b08   Number         4  interrupts_hc32f005.o(.text.EnableNvic)
    __arm_cp.0_4                             0x00000b0c   Number         4  interrupts_hc32f005.o(.text.EnableNvic)
    [Anonymous Symbol]                       0x00000b10   Section        0  interrupts_hc32f005.o(.text.FLASH_RAM_IRQHandler)
    [Anonymous Symbol]                       0x00000b1c   Section        0  flash.o(.text.Flash_Init)
    __arm_cp.4_0                             0x00000b98   Number         4  flash.o(.text.Flash_Init)
    __arm_cp.4_1                             0x00000b9c   Number         4  flash.o(.text.Flash_Init)
    [Anonymous Symbol]                       0x00000ba0   Section        0  flash.o(.text.Flash_SectorErase)
    [Anonymous Symbol]                       0x00000c1c   Section        0  flash.o(.text.Flash_WriteHalfWord)
    __arm_cp.8_0                             0x00000c98   Number         4  flash.o(.text.Flash_WriteHalfWord)
    __arm_cp.8_1                             0x00000c9c   Number         4  flash.o(.text.Flash_WriteHalfWord)
    __arm_cp.8_2                             0x00000ca0   Number         4  flash.o(.text.Flash_WriteHalfWord)
    __arm_cp.8_3                             0x00000ca4   Number         4  flash.o(.text.Flash_WriteHalfWord)
    [Anonymous Symbol]                       0x00000ca8   Section        0  ddl.o(.text.GetBit)
    [Anonymous Symbol]                       0x00000cb4   Section        0  gpio.o(.text.Gpio_GetInputIO)
    __arm_cp.1_0                             0x00000cc0   Number         4  gpio.o(.text.Gpio_GetInputIO)
    [Anonymous Symbol]                       0x00000cc4   Section        0  gpio.o(.text.Gpio_Init)
    __arm_cp.0_0                             0x00000d2c   Number         4  gpio.o(.text.Gpio_Init)
    __arm_cp.0_1                             0x00000d30   Number         4  gpio.o(.text.Gpio_Init)
    [Anonymous Symbol]                       0x00000d34   Section        0  gpio.o(.text.Gpio_SetAfMode)
    __arm_cp.6_0                             0x00000d40   Number         4  gpio.o(.text.Gpio_SetAfMode)
    [Anonymous Symbol]                       0x00000d44   Section        0  gpio.o(.text.Gpio_SetAnalogMode)
    [Anonymous Symbol]                       0x00000d54   Section        0  gpio.o(.text.Gpio_WriteOutputIO)
    __arm_cp.3_0                             0x00000d64   Number         4  gpio.o(.text.Gpio_WriteOutputIO)
    [Anonymous Symbol]                       0x00000d68   Section        0  interrupts_hc32f005.o(.text.HardFault_Handler)
    [Anonymous Symbol]                       0x00000d78   Section        0  interrupts_hc32f005.o(.text.I2C_IRQHandler)
    [Anonymous Symbol]                       0x00000d80   Section        0  interrupts_hc32f005.o(.text.LVD_IRQHandler)
    [Anonymous Symbol]                       0x00000d88   Section        0  interrupts_hc32f005.o(.text.PCA_IRQHandler)
    [Anonymous Symbol]                       0x00000d90   Section        0  interrupts_hc32f005.o(.text.PCNT_IRQHandler)
    [Anonymous Symbol]                       0x00000d98   Section        0  interrupts_hc32f005.o(.text.PORT0_IRQHandler)
    [Anonymous Symbol]                       0x00000da0   Section        0  interrupts_hc32f005.o(.text.PORT1_IRQHandler)
    [Anonymous Symbol]                       0x00000da8   Section        0  interrupts_hc32f005.o(.text.PORT2_IRQHandler)
    [Anonymous Symbol]                       0x00000db0   Section        0  interrupts_hc32f005.o(.text.PORT3_IRQHandler)
    [Anonymous Symbol]                       0x00000db8   Section        0  pca.o(.text.Pca_ClrItStatus)
    __arm_cp.1_0                             0x00000dc8   Number         4  pca.o(.text.Pca_ClrItStatus)
    [Anonymous Symbol]                       0x00000dcc   Section        0  pca.o(.text.Pca_ConfModulexIt)
    __arm_cp.6_0                             0x00000de4   Number         4  pca.o(.text.Pca_ConfModulexIt)
    [Anonymous Symbol]                       0x00000de8   Section        0  pca.o(.text.Pca_ConfPcaIt)
    __arm_cp.5_0                             0x00000df8   Number         4  pca.o(.text.Pca_ConfPcaIt)
    [Anonymous Symbol]                       0x00000dfc   Section        0  pca.o(.text.Pca_GetItStatus)
    [Anonymous Symbol]                       0x00000e08   Section        0  ld_pwm.o(.text.Pca_IRQHandler)
    __arm_cp.1_0                             0x00000e50   Number         4  ld_pwm.o(.text.Pca_IRQHandler)
    [Anonymous Symbol]                       0x00000e54   Section        0  pca.o(.text.Pca_M1Init)
    __arm_cp.8_0                             0x00000f08   Number         4  pca.o(.text.Pca_M1Init)
    [Anonymous Symbol]                       0x00000f0c   Section        0  pca.o(.text.Pca_SetCcap)
    __arm_cp.15_0                            0x00000f64   Number         4  pca.o(.text.Pca_SetCcap)
    [Anonymous Symbol]                       0x00000f68   Section        0  pca.o(.text.Pca_SetCnt)
    __arm_cp.13_0                            0x00000fa0   Number         4  pca.o(.text.Pca_SetCnt)
    __arm_cp.13_1                            0x00000fa4   Number         4  pca.o(.text.Pca_SetCnt)
    [Anonymous Symbol]                       0x00000fa8   Section        0  pca.o(.text.Pca_StartPca)
    __arm_cp.2_0                             0x00000fb8   Number         4  pca.o(.text.Pca_StartPca)
    [Anonymous Symbol]                       0x00000fbc   Section        0  interrupts_hc32f005.o(.text.SPI_IRQHandler)
    [Anonymous Symbol]                       0x00000fc4   Section        0  ddl.o(.text.SetBit)
    [Anonymous Symbol]                       0x00000fda   Section        0  interrupts_hc32f005.o(.text.SysTick_Handler)
    [Anonymous Symbol]                       0x00000fe4   Section        0  sysctrl.o(.text.Sysctrl_ClkInit)
    __arm_cp.7_0                             0x0000103c   Number         4  sysctrl.o(.text.Sysctrl_ClkInit)
    [Anonymous Symbol]                       0x00001040   Section        0  sysctrl.o(.text.Sysctrl_ClkSourceEnable)
    __arm_cp.0_3                             0x000010d0   Number         4  sysctrl.o(.text.Sysctrl_ClkSourceEnable)
    [Anonymous Symbol]                       0x000010d4   Section        0  sysctrl.o(.text.Sysctrl_GetHClkFreq)
    __arm_cp.5_2                             0x00001154   Number         4  sysctrl.o(.text.Sysctrl_GetHClkFreq)
    __arm_cp.5_5                             0x00001158   Number         4  sysctrl.o(.text.Sysctrl_GetHClkFreq)
    __arm_cp.5_6                             0x0000115c   Number         4  sysctrl.o(.text.Sysctrl_GetHClkFreq)
    __arm_cp.5_7                             0x00001160   Number         4  sysctrl.o(.text.Sysctrl_GetHClkFreq)
    __arm_cp.5_8                             0x00001164   Number         4  sysctrl.o(.text.Sysctrl_GetHClkFreq)
    __arm_cp.5_9                             0x00001168   Number         4  sysctrl.o(.text.Sysctrl_GetHClkFreq)
    [Anonymous Symbol]                       0x0000116c   Section        0  sysctrl.o(.text.Sysctrl_GetPClkFreq)
    [Anonymous Symbol]                       0x00001180   Section        0  sysctrl.o(.text.Sysctrl_SetHCLKDiv)
    [Anonymous Symbol]                       0x000011a0   Section        0  sysctrl.o(.text.Sysctrl_SetPCLKDiv)
    [Anonymous Symbol]                       0x000011c0   Section        0  sysctrl.o(.text.Sysctrl_SetPeripheralGate)
    __arm_cp.14_0                            0x000011d0   Number         4  sysctrl.o(.text.Sysctrl_SetPeripheralGate)
    [Anonymous Symbol]                       0x000011d4   Section        0  sysctrl.o(.text.Sysctrl_SetRCHTrim)
    __arm_cp.11_1                            0x000011f0   Number         4  sysctrl.o(.text.Sysctrl_SetRCHTrim)
    __arm_cp.11_2                            0x000011f4   Number         4  sysctrl.o(.text.Sysctrl_SetRCHTrim)
    __arm_cp.11_3                            0x000011f8   Number         4  sysctrl.o(.text.Sysctrl_SetRCHTrim)
    [Anonymous Symbol]                       0x000011fc   Section        0  sysctrl.o(.text.Sysctrl_SetRCLTrim)
    __arm_cp.13_0                            0x00001218   Number         4  sysctrl.o(.text.Sysctrl_SetRCLTrim)
    __arm_cp.13_1                            0x0000121c   Number         4  sysctrl.o(.text.Sysctrl_SetRCLTrim)
    __arm_cp.13_2                            0x00001220   Number         4  sysctrl.o(.text.Sysctrl_SetRCLTrim)
    __arm_cp.13_3                            0x00001224   Number         4  sysctrl.o(.text.Sysctrl_SetRCLTrim)
    [Anonymous Symbol]                       0x00001228   Section        0  sysctrl.o(.text.Sysctrl_SysClkSwitch)
    __arm_cp.4_0                             0x0000124c   Number         4  sysctrl.o(.text.Sysctrl_SysClkSwitch)
    __arm_cp.4_1                             0x00001250   Number         4  sysctrl.o(.text.Sysctrl_SysClkSwitch)
    __arm_cp.4_2                             0x00001254   Number         4  sysctrl.o(.text.Sysctrl_SysClkSwitch)
    [Anonymous Symbol]                       0x00001258   Section        0  system_hc32f005.o(.text.SystemCoreClockUpdate)
    [Anonymous Symbol]                       0x00001264   Section        0  system_hc32f005.o(.text.SystemInit)
    [Anonymous Symbol]                       0x0000126c   Section        0  interrupts_hc32f005.o(.text.TIM0_IRQHandler)
    [Anonymous Symbol]                       0x00001274   Section        0  interrupts_hc32f005.o(.text.TIM1_IRQHandler)
    [Anonymous Symbol]                       0x0000127c   Section        0  interrupts_hc32f005.o(.text.TIM2_IRQHandler)
    [Anonymous Symbol]                       0x00001284   Section        0  interrupts_hc32f005.o(.text.TIM3_IRQHandler)
    [Anonymous Symbol]                       0x0000128c   Section        0  interrupts_hc32f005.o(.text.TIM4_IRQHandler)
    [Anonymous Symbol]                       0x00001294   Section        0  interrupts_hc32f005.o(.text.TIM5_IRQHandler)
    [Anonymous Symbol]                       0x0000129c   Section        0  interrupts_hc32f005.o(.text.TIM6_IRQHandler)
    [Anonymous Symbol]                       0x000012a4   Section        0  bsp_timer.o(.text.Tim0_IRQHandler)
    __arm_cp.3_0                             0x000012b8   Number         4  bsp_timer.o(.text.Tim0_IRQHandler)
    [Anonymous Symbol]                       0x000012bc   Section        0  interrupts_hc32f005.o(.text.UART0_IRQHandler)
    [Anonymous Symbol]                       0x000012c4   Section        0  interrupts_hc32f005.o(.text.UART1_IRQHandler)
    [Anonymous Symbol]                       0x000012cc   Section        0  bsp_uart.o(.text.Uart1_IRQHandler)
    __arm_cp.0_0                             0x000012ec   Number         4  bsp_uart.o(.text.Uart1_IRQHandler)
    [Anonymous Symbol]                       0x000012f0   Section        0  uart.o(.text.Uart_ClrStatus)
    [Anonymous Symbol]                       0x00001300   Section        0  uart.o(.text.Uart_EnableFunc)
    [Anonymous Symbol]                       0x0000130e   Section        0  uart.o(.text.Uart_EnableIrq)
    [Anonymous Symbol]                       0x0000131c   Section        0  uart.o(.text.Uart_GetStatus)
    [Anonymous Symbol]                       0x00001326   Section        0  uart.o(.text.Uart_Init)
    [Anonymous Symbol]                       0x00001342   Section        0  uart.o(.text.Uart_ReceiveData)
    [Anonymous Symbol]                       0x00001346   Section        0  uart.o(.text.Uart_SendDataPoll)
    [Anonymous Symbol]                       0x00001368   Section        0  uart.o(.text.Uart_SetBaudRate)
    __arm_cp.7_0                             0x000013a0   Number         4  uart.o(.text.Uart_SetBaudRate)
    [Anonymous Symbol]                       0x000013a4   Section        0  interrupts_hc32f005.o(.text.VC0_IRQHandler)
    [Anonymous Symbol]                       0x000013ac   Section        0  interrupts_hc32f005.o(.text.VC1_IRQHandler)
    [Anonymous Symbol]                       0x000013b4   Section        0  interrupts_hc32f005.o(.text.WDT_IRQHandler)
    [Anonymous Symbol]                       0x000013bc   Section        0  led.o(.text.act_led_init)
    [Anonymous Symbol]                       0x000013ea   Section        0  led.o(.text.act_led_off)
    [Anonymous Symbol]                       0x000013f8   Section        0  led.o(.text.act_led_on)
    [Anonymous Symbol]                       0x00001408   Section        0  main.o(.text.act_led_output)
    [Anonymous Symbol]                       0x00001434   Section        0  bsp_adc.o(.text.adc_init)
    __arm_cp.0_0                             0x000014d0   Number         4  bsp_adc.o(.text.adc_init)
    __arm_cp.0_1                             0x000014d4   Number         4  bsp_adc.o(.text.adc_init)
    [Anonymous Symbol]                       0x000014d8   Section        0  led.o(.text.all_led_init)
    [Anonymous Symbol]                       0x000014ec   Section        0  data_save.o(.text.check_update_data)
    [Anonymous Symbol]                       0x000014ee   Section        0  main.o(.text.current_protect)
    [Anonymous Symbol]                       0x000014fa   Section        0  bsp_current_signal.o(.text.current_signal_init)
    [Anonymous Symbol]                       0x00001522   Section        0  ddl.o(.text.ddl_memclr)
    [Anonymous Symbol]                       0x00001538   Section        0  ddl.o(.text.delay10us)
    __arm_cp.10_3                            0x00001578   Number         4  ddl.o(.text.delay10us)
    [Anonymous Symbol]                       0x0000157c   Section        0  ddl.o(.text.delay1ms)
    __arm_cp.8_0                             0x000015bc   Number         4  ddl.o(.text.delay1ms)
    __arm_cp.8_1                             0x000015c0   Number         4  ddl.o(.text.delay1ms)
    __arm_cp.8_2                             0x000015c4   Number         4  ddl.o(.text.delay1ms)
    [Anonymous Symbol]                       0x000015c8   Section        0  main.o(.text.detect_dis_set)
    __arm_cp.5_0                             0x000015f8   Number         4  main.o(.text.detect_dis_set)
    __arm_cp.5_2                             0x000015fc   Number         4  main.o(.text.detect_dis_set)
    [Anonymous Symbol]                       0x00001600   Section        0  main.o(.text.func_led_display)
    [Anonymous Symbol]                       0x00001634   Section        0  main.o(.text.func_led_output)
    __arm_cp.3_1                             0x00001670   Number         4  main.o(.text.func_led_output)
    [Anonymous Symbol]                       0x00001674   Section        0  key.o(.text.get_key_state)
    __arm_cp.1_0                             0x000016e4   Number         4  key.o(.text.get_key_state)
    __arm_cp.1_2                             0x000016e8   Number         4  key.o(.text.get_key_state)
    [Anonymous Symbol]                       0x000016ec   Section        0  key.o(.text.key_init)
    [Anonymous Symbol]                       0x00001714   Section        0  ld_pwm.o(.text.ld_pwm_init)
    __arm_cp.0_0                             0x000017a0   Number         4  ld_pwm.o(.text.ld_pwm_init)
    [Anonymous Symbol]                       0x000017a4   Section        0  main.o(.text.main)
    __arm_cp.8_0                             0x00001868   Number         4  main.o(.text.main)
    __arm_cp.8_1                             0x0000186c   Number         4  main.o(.text.main)
    __arm_cp.8_3                             0x00001870   Number         4  main.o(.text.main)
    [Anonymous Symbol]                       0x00001874   Section        0  main.o(.text.object_detect)
    __arm_cp.4_0                             0x00001898   Number         4  main.o(.text.object_detect)
    [Anonymous Symbol]                       0x0000189c   Section        0  bsp_output_signal.o(.text.output_signal_init)
    [Anonymous Symbol]                       0x000018d4   Section        0  bsp_current_signal.o(.text.over_current_dec)
    [Anonymous Symbol]                       0x000018e4   Section        0  main.o(.text.pnp_output)
    __arm_cp.1_0                             0x000018fc   Number         4  main.o(.text.pnp_output)
    [Anonymous Symbol]                       0x00001900   Section        0  led.o(.text.power_led_init)
    [Anonymous Symbol]                       0x0000192e   Section        0  led.o(.text.power_led_off)
    [Anonymous Symbol]                       0x0000193c   Section        0  led.o(.text.power_led_on)
    [Anonymous Symbol]                       0x0000194a   Section        0  bsp_output_signal.o(.text.signal_output_high_level)
    [Anonymous Symbol]                       0x00001958   Section        0  bsp_output_signal.o(.text.signal_output_low_level)
    [Anonymous Symbol]                       0x00001968   Section        0  bsp_timer.o(.text.timer0_timer_init)
    __arm_cp.0_0                             0x000019dc   Number         4  bsp_timer.o(.text.timer0_timer_init)
    __arm_cp.0_1                             0x000019e0   Number         4  bsp_timer.o(.text.timer0_timer_init)
    __arm_cp.0_2                             0x000019e4   Number         4  bsp_timer.o(.text.timer0_timer_init)
    [Anonymous Symbol]                       0x000019e8   Section        0  bsp_timer.o(.text.timer_start)
    __arm_cp.1_0                             0x00001a28   Number         4  bsp_timer.o(.text.timer_start)
    [Anonymous Symbol]                       0x00001a44   Section        0  bsp_timer.o(.text.timer_stop)
    __arm_cp.2_0                             0x00001a80   Number         4  bsp_timer.o(.text.timer_stop)
    __arm_cp.2_1                             0x00001a84   Number         4  bsp_timer.o(.text.timer_stop)
    [Anonymous Symbol]                       0x00001aa8   Section        0  bsp_uart.o(.text.uart0_init)
    __arm_cp.1_0                             0x00001b80   Number         4  bsp_uart.o(.text.uart0_init)
    __arm_cp.1_1                             0x00001b84   Number         4  bsp_uart.o(.text.uart0_init)
    [Anonymous Symbol]                       0x00001b88   Section        0  bsp_uart.o(.text.uart0_send_data)
    __arm_cp.2_0                             0x00001bac   Number         4  bsp_uart.o(.text.uart0_send_data)
    [Anonymous Symbol]                       0x00001bb0   Section        0  data_save.o(.text.write_data_to_flash)
    [Anonymous Symbol]                       0x20000000   Section        0  main.o(.data..L_MergedGlobals)
    [Anonymous Symbol]                       0x20000010   Section        0  ld_pwm.o(.data..L_MergedGlobals)
    .bss                                     0x20000018   Section       96  libspace.o(.bss)
    [Anonymous Symbol]                       0x20000078   Section        0  bsp_adc.o(.bss..L_MergedGlobals)
    get_key_state.cycle                      0x200000a4   Data           1  key.o(.bss..L_MergedGlobals)
    [Anonymous Symbol]                       0x200000a4   Section        0  key.o(.bss..L_MergedGlobals)
    key_scan.cnt                             0x200000a6   Data           1  key.o(.bss..L_MergedGlobals)
    key_scan.press_flag                      0x200000a7   Data           1  key.o(.bss..L_MergedGlobals)
    key_scan.cycle                           0x200000a8   Data           4  key.o(.bss..L_MergedGlobals)
    key_scan.long_press_time                 0x200000ac   Data           4  key.o(.bss..L_MergedGlobals)
    key_scan.press_cnt                       0x200000b0   Data           4  key.o(.bss..L_MergedGlobals)
    key_scan.press_release_time              0x200000b4   Data           4  key.o(.bss..L_MergedGlobals)
    [Anonymous Symbol]                       0x200000b8   Section        0  bsp_timer.o(.bss..L_MergedGlobals)
    [Anonymous Symbol]                       0x200000ba   Section        0  main.o(.bss..L_MergedGlobals.1)
    object_detect.cnt                        0x200000bb   Data           1  main.o(.bss..L_MergedGlobals.1)
    detect_dis_set.cnt                       0x200000bc   Data           1  main.o(.bss..L_MergedGlobals.1)
    Adc_IRQHandler.cnt                       0x200000c0   Data           1  bsp_adc.o(.bss.Adc_IRQHandler.cnt)
    [Anonymous Symbol]                       0x200000c0   Section        0  bsp_adc.o(.bss.Adc_IRQHandler.cnt)
    Heap_Mem                                 0x200001c8   Data         512  startup_hc32f005.o(HEAP)
    HEAP                                     0x200001c8   Section      512  startup_hc32f005.o(HEAP)
    Stack_Mem                                0x200003c8   Data         512  startup_hc32f005.o(STACK)
    STACK                                    0x200003c8   Section      512  startup_hc32f005.o(STACK)
    __initial_sp                             0x200005c8   Data           0  startup_hc32f005.o(STACK)

    Global Symbols

    Symbol Name                              Value     Ov Type        Size  Object(Section)

    BuildAttributes$$THM_ISAv3M$S$PE$A:L22$X:L11$S22$IEEE1$IW$~IW$USESV6$~STKCKD$USESV7$WCHAR32$ENUMINT$~SHL$OSPACE$ROPI$EBA8$UX$STANDARDLIB$REQ8$PRES8$EABIv2 0x00000000   Number         0  anon$$obj.o ABSOLUTE
    __Vectors                                0x00000000   Data           0  startup_hc32f005.o(RESET)
    ClkTrim_IRQHandler                        - Undefined Weak Reference
    Dmac_IRQHandler                           - Undefined Weak Reference
    Flash_IRQHandler                          - Undefined Weak Reference
    I2c_IRQHandler                            - Undefined Weak Reference
    Lvd_IRQHandler                            - Undefined Weak Reference
    Pcnt_IRQHandler                           - Undefined Weak Reference
    Port0_IRQHandler                          - Undefined Weak Reference
    Port1_IRQHandler                          - Undefined Weak Reference
    Port2_IRQHandler                          - Undefined Weak Reference
    Port3_IRQHandler                          - Undefined Weak Reference
    Ram_IRQHandler                            - Undefined Weak Reference
    Spi_IRQHandler                            - Undefined Weak Reference
    SysTick_IRQHandler                        - Undefined Weak Reference
    Tim1_IRQHandler                           - Undefined Weak Reference
    Tim2_IRQHandler                           - Undefined Weak Reference
    Tim3_IRQHandler                           - Undefined Weak Reference
    Tim4_IRQHandler                           - Undefined Weak Reference
    Tim5_IRQHandler                           - Undefined Weak Reference
    Tim6_IRQHandler                           - Undefined Weak Reference
    Uart0_IRQHandler                          - Undefined Weak Reference
    Vc0_IRQHandler                            - Undefined Weak Reference
    Vc1_IRQHandler                            - Undefined Weak Reference
    Wdt_IRQHandler                            - Undefined Weak Reference
    __ARM_exceptions_init                     - Undefined Weak Reference
    __alloca_initialize                       - Undefined Weak Reference
    __arm_preinit_                            - Undefined Weak Reference
    __cpp_initialize__aeabi_                  - Undefined Weak Reference
    __cxa_finalize                            - Undefined Weak Reference
    __rt_locale                               - Undefined Weak Reference
    __sigvec_lookup                           - Undefined Weak Reference
    _atexit_init                              - Undefined Weak Reference
    _call_atexit_fns                          - Undefined Weak Reference
    _clock_init                               - Undefined Weak Reference
    _fp_trap_init                             - Undefined Weak Reference
    _fp_trap_shutdown                         - Undefined Weak Reference
    _get_lc_collate                           - Undefined Weak Reference
    _get_lc_ctype                             - Undefined Weak Reference
    _get_lc_monetary                          - Undefined Weak Reference
    _get_lc_numeric                           - Undefined Weak Reference
    _get_lc_time                              - Undefined Weak Reference
    _getenv_init                              - Undefined Weak Reference
    _handle_redirection                       - Undefined Weak Reference
    _init_alloc                               - Undefined Weak Reference
    _init_user_alloc                          - Undefined Weak Reference
    _initio                                   - Undefined Weak Reference
    _printf_post_padding                      - Undefined Weak Reference
    _printf_pre_padding                       - Undefined Weak Reference
    _printf_truncate_signed                   - Undefined Weak Reference
    _printf_truncate_unsigned                 - Undefined Weak Reference
    _rand_init                                - Undefined Weak Reference
    _signal_finish                            - Undefined Weak Reference
    _signal_init                              - Undefined Weak Reference
    _terminate_alloc                          - Undefined Weak Reference
    _terminate_user_alloc                     - Undefined Weak Reference
    _terminateio                              - Undefined Weak Reference
    __Vectors_End                            0x000000c0   Data           0  startup_hc32f005.o(RESET)
    __Vectors_Size                           0x000000c0   Number         0  startup_hc32f005.o ABSOLUTE
    __main                                   0x000000c1   Thumb Code     8  __main.o(!!!main)
    __scatterload                            0x000000c9   Thumb Code     0  __scatter.o(!!!scatter)
    __scatterload_rt2                        0x000000c9   Thumb Code    52  __scatter.o(!!!scatter)
    __scatterload_rt2_thumb_only             0x000000c9   Thumb Code     0  __scatter.o(!!!scatter)
    __scatterload_null                       0x000000d9   Thumb Code     0  __scatter.o(!!!scatter)
    __scatterload_copy                       0x00000105   Thumb Code    26  __scatter_copy.o(!!handler_copy)
    __scatterload_zeroinit                   0x00000121   Thumb Code    28  __scatter_zi.o(!!handler_zi)
    _printf_percent                          0x0000013d   Thumb Code     0  _printf_percent.o(.ARM.Collect$$_printf_percent$$00000000)
    _printf_d                                0x0000013f   Thumb Code     0  _printf_d.o(.ARM.Collect$$_printf_percent$$00000009)
    _printf_percent_end                      0x00000149   Thumb Code     0  _printf_percent_end.o(.ARM.Collect$$_printf_percent$$00000017)
    __rt_lib_init                            0x0000014d   Thumb Code     0  libinit.o(.ARM.Collect$$libinit$$00000000)
    __rt_lib_init_alloca_1                   0x0000014f   Thumb Code     0  libinit2.o(.ARM.Collect$$libinit$$0000002E)
    __rt_lib_init_argv_1                     0x0000014f   Thumb Code     0  libinit2.o(.ARM.Collect$$libinit$$0000002C)
    __rt_lib_init_atexit_1                   0x0000014f   Thumb Code     0  libinit2.o(.ARM.Collect$$libinit$$0000001B)
    __rt_lib_init_clock_1                    0x0000014f   Thumb Code     0  libinit2.o(.ARM.Collect$$libinit$$00000021)
    __rt_lib_init_cpp_1                      0x0000014f   Thumb Code     0  libinit2.o(.ARM.Collect$$libinit$$00000032)
    __rt_lib_init_exceptions_1               0x0000014f   Thumb Code     0  libinit2.o(.ARM.Collect$$libinit$$00000030)
    __rt_lib_init_fp_1                       0x0000014f   Thumb Code     0  libinit2.o(.ARM.Collect$$libinit$$00000002)
    __rt_lib_init_fp_trap_1                  0x0000014f   Thumb Code     0  libinit2.o(.ARM.Collect$$libinit$$0000001F)
    __rt_lib_init_getenv_1                   0x0000014f   Thumb Code     0  libinit2.o(.ARM.Collect$$libinit$$00000023)
    __rt_lib_init_heap_1                     0x0000014f   Thumb Code     0  libinit2.o(.ARM.Collect$$libinit$$0000000A)
    __rt_lib_init_lc_collate_1               0x0000014f   Thumb Code     0  libinit2.o(.ARM.Collect$$libinit$$00000011)
    __rt_lib_init_lc_ctype_1                 0x0000014f   Thumb Code     0  libinit2.o(.ARM.Collect$$libinit$$00000013)
    __rt_lib_init_lc_monetary_1              0x0000014f   Thumb Code     0  libinit2.o(.ARM.Collect$$libinit$$00000015)
    __rt_lib_init_lc_numeric_1               0x0000014f   Thumb Code     0  libinit2.o(.ARM.Collect$$libinit$$00000017)
    __rt_lib_init_lc_time_1                  0x0000014f   Thumb Code     0  libinit2.o(.ARM.Collect$$libinit$$00000019)
    __rt_lib_init_preinit_1                  0x0000014f   Thumb Code     0  libinit2.o(.ARM.Collect$$libinit$$00000004)
    __rt_lib_init_rand_1                     0x0000014f   Thumb Code     0  libinit2.o(.ARM.Collect$$libinit$$0000000E)
    __rt_lib_init_return                     0x0000014f   Thumb Code     0  libinit2.o(.ARM.Collect$$libinit$$00000033)
    __rt_lib_init_signal_1                   0x0000014f   Thumb Code     0  libinit2.o(.ARM.Collect$$libinit$$0000001D)
    __rt_lib_init_stdio_1                    0x0000014f   Thumb Code     0  libinit2.o(.ARM.Collect$$libinit$$00000025)
    __rt_lib_init_user_alloc_1               0x0000014f   Thumb Code     0  libinit2.o(.ARM.Collect$$libinit$$0000000C)
    __rt_lib_shutdown                        0x00000151   Thumb Code     0  libshutdown.o(.ARM.Collect$$libshutdown$$00000000)
    __rt_lib_shutdown_cpp_1                  0x00000153   Thumb Code     0  libshutdown2.o(.ARM.Collect$$libshutdown$$00000002)
    __rt_lib_shutdown_fp_trap_1              0x00000153   Thumb Code     0  libshutdown2.o(.ARM.Collect$$libshutdown$$00000007)
    __rt_lib_shutdown_heap_1                 0x00000153   Thumb Code     0  libshutdown2.o(.ARM.Collect$$libshutdown$$0000000F)
    __rt_lib_shutdown_return                 0x00000153   Thumb Code     0  libshutdown2.o(.ARM.Collect$$libshutdown$$00000010)
    __rt_lib_shutdown_signal_1               0x00000153   Thumb Code     0  libshutdown2.o(.ARM.Collect$$libshutdown$$0000000A)
    __rt_lib_shutdown_stdio_1                0x00000153   Thumb Code     0  libshutdown2.o(.ARM.Collect$$libshutdown$$00000004)
    __rt_lib_shutdown_user_alloc_1           0x00000153   Thumb Code     0  libshutdown2.o(.ARM.Collect$$libshutdown$$0000000C)
    __rt_entry                               0x00000155   Thumb Code     0  __rtentry.o(.ARM.Collect$$rtentry$$00000000)
    __rt_entry_presh_1                       0x00000155   Thumb Code     0  __rtentry2.o(.ARM.Collect$$rtentry$$00000002)
    __rt_entry_sh                            0x00000155   Thumb Code     0  __rtentry4.o(.ARM.Collect$$rtentry$$00000004)
    __rt_entry_li                            0x0000015b   Thumb Code     0  __rtentry2.o(.ARM.Collect$$rtentry$$0000000A)
    __rt_entry_postsh_1                      0x0000015b   Thumb Code     0  __rtentry2.o(.ARM.Collect$$rtentry$$00000009)
    __rt_entry_main                          0x0000015f   Thumb Code     0  __rtentry2.o(.ARM.Collect$$rtentry$$0000000D)
    __rt_entry_postli_1                      0x0000015f   Thumb Code     0  __rtentry2.o(.ARM.Collect$$rtentry$$0000000C)
    __rt_exit                                0x00000167   Thumb Code     0  rtexit.o(.ARM.Collect$$rtexit$$00000000)
    __rt_exit_ls                             0x00000169   Thumb Code     0  rtexit2.o(.ARM.Collect$$rtexit$$00000003)
    __rt_exit_prels_1                        0x00000169   Thumb Code     0  rtexit2.o(.ARM.Collect$$rtexit$$00000002)
    __rt_exit_exit                           0x0000016d   Thumb Code     0  rtexit2.o(.ARM.Collect$$rtexit$$00000004)
    Reset_Handler                            0x00000175   Thumb Code    26  startup_hc32f005.o(.text)
    NMI_Handler                              0x0000018f   Thumb Code     2  startup_hc32f005.o(.text)
    SVC_Handler                              0x00000193   Thumb Code     2  startup_hc32f005.o(.text)
    PendSV_Handler                           0x00000195   Thumb Code     2  startup_hc32f005.o(.text)
    Dummy_Handler                            0x00000199   Thumb Code     0  startup_hc32f005.o(.text)
    LPTIM_IRQHandler                         0x00000199   Thumb Code     0  startup_hc32f005.o(.text)
    LPUART_IRQHandler                        0x00000199   Thumb Code     0  startup_hc32f005.o(.text)
    RTC_IRQHandler                           0x00000199   Thumb Code     0  startup_hc32f005.o(.text)
    __user_initial_stackheap                 0x0000019d   Thumb Code     0  startup_hc32f005.o(.text)
    __2sprintf                               0x000001cd   Thumb Code    36  noretval__2sprintf.o(.text)
    __printf                                 0x000001f5   Thumb Code   108  __printf.o(.text)
    _printf_int_dec                          0x00000261   Thumb Code    90  _printf_dec.o(.text)
    strlen                                   0x000002cd   Thumb Code    62  strlen.o(.text)
    _memset_w                                0x00000311   Thumb Code    26  rt_memclr.o(.text)
    _memset                                  0x0000032b   Thumb Code    30  rt_memclr.o(.text)
    __aeabi_memclr                           0x00000349   Thumb Code     4  rt_memclr.o(.text)
    __rt_memclr                              0x00000349   Thumb Code     0  rt_memclr.o(.text)
    __aeabi_memclr4                          0x0000034d   Thumb Code     0  rt_memclr.o(.text)
    __aeabi_memclr8                          0x0000034d   Thumb Code     0  rt_memclr.o(.text)
    __rt_memclr_w                            0x0000034d   Thumb Code     4  rt_memclr.o(.text)
    __aeabi_uidiv                            0x00000351   Thumb Code     0  aeabi_sdiv.o(.text)
    __aeabi_uidivmod                         0x00000351   Thumb Code    20  aeabi_sdiv.o(.text)
    __aeabi_idiv                             0x00000365   Thumb Code     0  aeabi_sdiv.o(.text)
    __aeabi_idivmod                          0x00000365   Thumb Code   338  aeabi_sdiv.o(.text)
    __use_two_region_memory                  0x000004bd   Thumb Code     2  heapauxi.o(.text)
    __rt_heap_escrow$2region                 0x000004bf   Thumb Code     2  heapauxi.o(.text)
    __rt_heap_expand$2region                 0x000004c1   Thumb Code     2  heapauxi.o(.text)
    _printf_int_common                       0x000004c3   Thumb Code   176  _printf_intcommon.o(.text)
    _printf_char_common                      0x0000057f   Thumb Code    32  _printf_char_common.o(.text)
    _sputc                                   0x000005a5   Thumb Code    10  _sputc.o(.text)
    __rt_udiv10                              0x000005af   Thumb Code    40  rtudiv10.o(.text)
    __user_setup_stackheap                   0x000005d7   Thumb Code    62  sys_stackheap_outer.o(.text)
    exit                                     0x00000615   Thumb Code    16  exit.o(.text)
    __user_libspace                          0x00000625   Thumb Code     8  libspace.o(.text)
    __user_perproc_libspace                  0x00000625   Thumb Code     0  libspace.o(.text)
    __user_perthread_libspace                0x00000625   Thumb Code     0  libspace.o(.text)
    _sys_exit                                0x0000062d   Thumb Code     8  sys_exit.o(.text)
    __I$use$semihosting                      0x00000639   Thumb Code     0  use_no_semi.o(.text)
    __use_no_semihosting_swi                 0x00000639   Thumb Code     2  use_no_semi.o(.text)
    ADC_IRQHandler                           0x0000063b   Thumb Code     8  interrupts_hc32f005.o(.text.ADC_IRQHandler)
    __semihosting_library_function           0x0000063b   Thumb Code     0  indicate_semi.o(.text)
    Adc_ClrContIrqState                      0x00000645   Thumb Code    12  adc.o(.text.Adc_ClrContIrqState)
    Adc_ClrHhtIrqState                       0x00000651   Thumb Code    12  adc.o(.text.Adc_ClrHhtIrqState)
    Adc_ClrIrqLltState                       0x0000065d   Thumb Code    12  adc.o(.text.Adc_ClrIrqLltState)
    Adc_ClrRegIrqState                       0x00000669   Thumb Code    16  adc.o(.text.Adc_ClrRegIrqState)
    Adc_CmpCfg                               0x00000679   Thumb Code    72  adc.o(.text.Adc_CmpCfg)
    Adc_ConfigNormMode                       0x000006c1   Thumb Code    68  adc.o(.text.Adc_ConfigNormMode)
    Adc_Enable                               0x00000705   Thumb Code    12  adc.o(.text.Adc_Enable)
    Adc_EnableIrq                            0x00000711   Thumb Code    16  adc.o(.text.Adc_EnableIrq)
    Adc_GetCH8Result                         0x00000721   Thumb Code    28  adc.o(.text.Adc_GetCH8Result)
    Adc_IRQHandler                           0x0000073d   Thumb Code    76  bsp_adc.o(.text.Adc_IRQHandler)
    Adc_Init                                 0x00000789   Thumb Code   224  adc.o(.text.Adc_Init)
    App_Rch4MHzTo24MHz                       0x00000869   Thumb Code    66  main.o(.text.App_Rch4MHzTo24MHz)
    Bgr_BgrEnable                            0x000008ad   Thumb Code    24  bgr.o(.text.Bgr_BgrEnable)
    Bt_ARRSet                                0x000008c5   Thumb Code    64  bt.o(.text.Bt_ARRSet)
    Bt_ClearIntFlag                          0x00000905   Thumb Code    40  bt.o(.text.Bt_ClearIntFlag)
    Bt_Cnt16Set                              0x0000092d   Thumb Code    48  bt.o(.text.Bt_Cnt16Set)
    Bt_DisableIrq                            0x0000095d   Thumb Code    40  bt.o(.text.Bt_DisableIrq)
    Bt_EnableIrq                             0x00000985   Thumb Code    40  bt.o(.text.Bt_EnableIrq)
    Bt_Init                                  0x000009ad   Thumb Code   128  bt.o(.text.Bt_Init)
    Bt_Run                                   0x00000a2d   Thumb Code    36  bt.o(.text.Bt_Run)
    Bt_Stop                                  0x00000a51   Thumb Code    40  bt.o(.text.Bt_Stop)
    CLKTRIM_IRQHandler                       0x00000a79   Thumb Code     8  interrupts_hc32f005.o(.text.CLKTRIM_IRQHandler)
    DMAC_IRQHandler                          0x00000a81   Thumb Code     8  interrupts_hc32f005.o(.text.DMAC_IRQHandler)
    EnableNvic                               0x00000a89   Thumb Code   136  interrupts_hc32f005.o(.text.EnableNvic)
    FLASH_RAM_IRQHandler                     0x00000b11   Thumb Code    12  interrupts_hc32f005.o(.text.FLASH_RAM_IRQHandler)
    Flash_Init                               0x00000b1d   Thumb Code   132  flash.o(.text.Flash_Init)
    Flash_SectorErase                        0x00000ba1   Thumb Code   124  flash.o(.text.Flash_SectorErase)
    Flash_WriteHalfWord                      0x00000c1d   Thumb Code   140  flash.o(.text.Flash_WriteHalfWord)
    GetBit                                   0x00000ca9   Thumb Code    10  ddl.o(.text.GetBit)
    Gpio_GetInputIO                          0x00000cb5   Thumb Code    16  gpio.o(.text.Gpio_GetInputIO)
    Gpio_Init                                0x00000cc5   Thumb Code   112  gpio.o(.text.Gpio_Init)
    Gpio_SetAfMode                           0x00000d35   Thumb Code    16  gpio.o(.text.Gpio_SetAfMode)
    Gpio_SetAnalogMode                       0x00000d45   Thumb Code    16  gpio.o(.text.Gpio_SetAnalogMode)
    Gpio_WriteOutputIO                       0x00000d55   Thumb Code    20  gpio.o(.text.Gpio_WriteOutputIO)
    HardFault_Handler                        0x00000d69   Thumb Code    16  interrupts_hc32f005.o(.text.HardFault_Handler)
    I2C_IRQHandler                           0x00000d79   Thumb Code     8  interrupts_hc32f005.o(.text.I2C_IRQHandler)
    LVD_IRQHandler                           0x00000d81   Thumb Code     8  interrupts_hc32f005.o(.text.LVD_IRQHandler)
    PCA_IRQHandler                           0x00000d89   Thumb Code     8  interrupts_hc32f005.o(.text.PCA_IRQHandler)
    PCNT_IRQHandler                          0x00000d91   Thumb Code     8  interrupts_hc32f005.o(.text.PCNT_IRQHandler)
    PORT0_IRQHandler                         0x00000d99   Thumb Code     8  interrupts_hc32f005.o(.text.PORT0_IRQHandler)
    PORT1_IRQHandler                         0x00000da1   Thumb Code     8  interrupts_hc32f005.o(.text.PORT1_IRQHandler)
    PORT2_IRQHandler                         0x00000da9   Thumb Code     8  interrupts_hc32f005.o(.text.PORT2_IRQHandler)
    PORT3_IRQHandler                         0x00000db1   Thumb Code     8  interrupts_hc32f005.o(.text.PORT3_IRQHandler)
    Pca_ClrItStatus                          0x00000db9   Thumb Code    20  pca.o(.text.Pca_ClrItStatus)
    Pca_ConfModulexIt                        0x00000dcd   Thumb Code    28  pca.o(.text.Pca_ConfModulexIt)
    Pca_ConfPcaIt                            0x00000de9   Thumb Code    20  pca.o(.text.Pca_ConfPcaIt)
    Pca_GetItStatus                          0x00000dfd   Thumb Code    12  pca.o(.text.Pca_GetItStatus)
    Pca_IRQHandler                           0x00000e09   Thumb Code    76  ld_pwm.o(.text.Pca_IRQHandler)
    Pca_M1Init                               0x00000e55   Thumb Code   184  pca.o(.text.Pca_M1Init)
    Pca_SetCcap                              0x00000f0d   Thumb Code    92  pca.o(.text.Pca_SetCcap)
    Pca_SetCnt                               0x00000f69   Thumb Code    64  pca.o(.text.Pca_SetCnt)
    Pca_StartPca                             0x00000fa9   Thumb Code    20  pca.o(.text.Pca_StartPca)
    SPI_IRQHandler                           0x00000fbd   Thumb Code     8  interrupts_hc32f005.o(.text.SPI_IRQHandler)
    SetBit                                   0x00000fc5   Thumb Code    22  ddl.o(.text.SetBit)
    SysTick_Handler                          0x00000fdb   Thumb Code     8  interrupts_hc32f005.o(.text.SysTick_Handler)
    Sysctrl_ClkInit                          0x00000fe5   Thumb Code    92  sysctrl.o(.text.Sysctrl_ClkInit)
    Sysctrl_ClkSourceEnable                  0x00001041   Thumb Code   148  sysctrl.o(.text.Sysctrl_ClkSourceEnable)
    Sysctrl_GetHClkFreq                      0x000010d5   Thumb Code   152  sysctrl.o(.text.Sysctrl_GetHClkFreq)
    Sysctrl_GetPClkFreq                      0x0000116d   Thumb Code    20  sysctrl.o(.text.Sysctrl_GetPClkFreq)
    Sysctrl_SetHCLKDiv                       0x00001181   Thumb Code    32  sysctrl.o(.text.Sysctrl_SetHCLKDiv)
    Sysctrl_SetPCLKDiv                       0x000011a1   Thumb Code    32  sysctrl.o(.text.Sysctrl_SetPCLKDiv)
    Sysctrl_SetPeripheralGate                0x000011c1   Thumb Code    20  sysctrl.o(.text.Sysctrl_SetPeripheralGate)
    Sysctrl_SetRCHTrim                       0x000011d5   Thumb Code    40  sysctrl.o(.text.Sysctrl_SetRCHTrim)
    Sysctrl_SetRCLTrim                       0x000011fd   Thumb Code    44  sysctrl.o(.text.Sysctrl_SetRCLTrim)
    Sysctrl_SysClkSwitch                     0x00001229   Thumb Code    48  sysctrl.o(.text.Sysctrl_SysClkSwitch)
    SystemCoreClockUpdate                    0x00001259   Thumb Code    12  system_hc32f005.o(.text.SystemCoreClockUpdate)
    SystemInit                               0x00001265   Thumb Code     8  system_hc32f005.o(.text.SystemInit)
    TIM0_IRQHandler                          0x0000126d   Thumb Code     8  interrupts_hc32f005.o(.text.TIM0_IRQHandler)
    TIM1_IRQHandler                          0x00001275   Thumb Code     8  interrupts_hc32f005.o(.text.TIM1_IRQHandler)
    TIM2_IRQHandler                          0x0000127d   Thumb Code     8  interrupts_hc32f005.o(.text.TIM2_IRQHandler)
    TIM3_IRQHandler                          0x00001285   Thumb Code     8  interrupts_hc32f005.o(.text.TIM3_IRQHandler)
    TIM4_IRQHandler                          0x0000128d   Thumb Code     8  interrupts_hc32f005.o(.text.TIM4_IRQHandler)
    TIM5_IRQHandler                          0x00001295   Thumb Code     8  interrupts_hc32f005.o(.text.TIM5_IRQHandler)
    TIM6_IRQHandler                          0x0000129d   Thumb Code     8  interrupts_hc32f005.o(.text.TIM6_IRQHandler)
    Tim0_IRQHandler                          0x000012a5   Thumb Code    24  bsp_timer.o(.text.Tim0_IRQHandler)
    UART0_IRQHandler                         0x000012bd   Thumb Code     8  interrupts_hc32f005.o(.text.UART0_IRQHandler)
    UART1_IRQHandler                         0x000012c5   Thumb Code     8  interrupts_hc32f005.o(.text.UART1_IRQHandler)
    Uart1_IRQHandler                         0x000012cd   Thumb Code    36  bsp_uart.o(.text.Uart1_IRQHandler)
    Uart_ClrStatus                           0x000012f1   Thumb Code    16  uart.o(.text.Uart_ClrStatus)
    Uart_EnableFunc                          0x00001301   Thumb Code    14  uart.o(.text.Uart_EnableFunc)
    Uart_EnableIrq                           0x0000130f   Thumb Code    14  uart.o(.text.Uart_EnableIrq)
    Uart_GetStatus                           0x0000131d   Thumb Code    10  uart.o(.text.Uart_GetStatus)
    Uart_Init                                0x00001327   Thumb Code    28  uart.o(.text.Uart_Init)
    Uart_ReceiveData                         0x00001343   Thumb Code     4  uart.o(.text.Uart_ReceiveData)
    Uart_SendDataPoll                        0x00001347   Thumb Code    34  uart.o(.text.Uart_SendDataPoll)
    Uart_SetBaudRate                         0x00001369   Thumb Code    60  uart.o(.text.Uart_SetBaudRate)
    VC0_IRQHandler                           0x000013a5   Thumb Code     8  interrupts_hc32f005.o(.text.VC0_IRQHandler)
    VC1_IRQHandler                           0x000013ad   Thumb Code     8  interrupts_hc32f005.o(.text.VC1_IRQHandler)
    WDT_IRQHandler                           0x000013b5   Thumb Code     8  interrupts_hc32f005.o(.text.WDT_IRQHandler)
    act_led_init                             0x000013bd   Thumb Code    46  led.o(.text.act_led_init)
    act_led_off                              0x000013eb   Thumb Code    14  led.o(.text.act_led_off)
    act_led_on                               0x000013f9   Thumb Code    14  led.o(.text.act_led_on)
    act_led_output                           0x00001409   Thumb Code    44  main.o(.text.act_led_output)
    adc_init                                 0x00001435   Thumb Code   164  bsp_adc.o(.text.adc_init)
    all_led_init                             0x000014d9   Thumb Code    20  led.o(.text.all_led_init)
    check_update_data                        0x000014ed   Thumb Code     2  data_save.o(.text.check_update_data)
    current_protect                          0x000014ef   Thumb Code    12  main.o(.text.current_protect)
    current_signal_init                      0x000014fb   Thumb Code    40  bsp_current_signal.o(.text.current_signal_init)
    ddl_memclr                               0x00001523   Thumb Code    20  ddl.o(.text.ddl_memclr)
    delay10us                                0x00001539   Thumb Code    68  ddl.o(.text.delay10us)
    delay1ms                                 0x0000157d   Thumb Code    76  ddl.o(.text.delay1ms)
    detect_dis_set                           0x000015c9   Thumb Code    56  main.o(.text.detect_dis_set)
    func_led_display                         0x00001601   Thumb Code    52  main.o(.text.func_led_display)
    func_led_output                          0x00001635   Thumb Code    64  main.o(.text.func_led_output)
    get_key_state                            0x00001675   Thumb Code   120  key.o(.text.get_key_state)
    key_init                                 0x000016ed   Thumb Code    40  key.o(.text.key_init)
    ld_pwm_init                              0x00001715   Thumb Code   144  ld_pwm.o(.text.ld_pwm_init)
    main                                     0x000017a5   Thumb Code   208  main.o(.text.main)
    object_detect                            0x00001875   Thumb Code    40  main.o(.text.object_detect)
    output_signal_init                       0x0000189d   Thumb Code    56  bsp_output_signal.o(.text.output_signal_init)
    over_current_dec                         0x000018d5   Thumb Code    16  bsp_current_signal.o(.text.over_current_dec)
    pnp_output                               0x000018e5   Thumb Code    28  main.o(.text.pnp_output)
    power_led_init                           0x00001901   Thumb Code    46  led.o(.text.power_led_init)
    power_led_off                            0x0000192f   Thumb Code    14  led.o(.text.power_led_off)
    power_led_on                             0x0000193d   Thumb Code    14  led.o(.text.power_led_on)
    signal_output_high_level                 0x0000194b   Thumb Code    14  bsp_output_signal.o(.text.signal_output_high_level)
    signal_output_low_level                  0x00001959   Thumb Code    14  bsp_output_signal.o(.text.signal_output_low_level)
    timer0_timer_init                        0x00001969   Thumb Code   128  bsp_timer.o(.text.timer0_timer_init)
    timer_start                              0x000019e9   Thumb Code    92  bsp_timer.o(.text.timer_start)
    timer_stop                               0x00001a45   Thumb Code   100  bsp_timer.o(.text.timer_stop)
    uart0_init                               0x00001aa9   Thumb Code   224  bsp_uart.o(.text.uart0_init)
    uart0_send_data                          0x00001b89   Thumb Code    40  bsp_uart.o(.text.uart0_send_data)
    write_data_to_flash                      0x00001bb1   Thumb Code    46  data_save.o(.text.write_data_to_flash)
    pu32PcgTimer4M                           0x00001be0   Data          32  flash.o(.rodata.pu32PcgTimer4M)
    Region$$Table$$Base                      0x00001c00   Number         0  anon$$obj.o(Region$$Table)
    Region$$Table$$Limit                     0x00001c20   Number         0  anon$$obj.o(Region$$Table)
    led_sync                                 0x20000000   Data           1  main.o(.data..L_MergedGlobals)
    no_nc_state                              0x20000001   Data           1  main.o(.data..L_MergedGlobals)
    object_vol_min                           0x20000002   Data           2  main.o(.data..L_MergedGlobals)
    object_vol_max                           0x20000004   Data           2  main.o(.data..L_MergedGlobals)
    add_detect_vol_min                       0x20000008   Data           4  main.o(.data..L_MergedGlobals)
    add_no_nc_state                          0x2000000c   Data           4  main.o(.data..L_MergedGlobals)
    pulse                                    0x20000010   Data           1  ld_pwm.o(.data..L_MergedGlobals)
    pulse_cir                                0x20000012   Data           2  ld_pwm.o(.data..L_MergedGlobals)
    SystemCoreClock                          0x20000014   Data           4  system_hc32f005.o(.data.SystemCoreClock)
    __libspace_start                         0x20000018   Data          96  libspace.o(.bss)
    __temporary_stack_top$libspace           0x20000078   Data           0  libspace.o(.bss)
    stcAdcNormCfg                            0x20000078   Data           8  bsp_adc.o(.bss..L_MergedGlobals)
    stcAdcCfg                                0x20000080   Data          36  bsp_adc.o(.bss..L_MergedGlobals)
    last_key_func                            0x200000a5   Data           1  key.o(.bss..L_MergedGlobals)
    timer_cnt                                0x200000b8   Data           1  bsp_timer.o(.bss..L_MergedGlobals)
    is_timer_flag                            0x200000b9   Data           1  bsp_timer.o(.bss..L_MergedGlobals)
    object_detected                          0x200000ba   Data           1  main.o(.bss..L_MergedGlobals.1)
    u16Adc_ch8_Result                        0x200000be   Data           2  main.o(.bss..L_MergedGlobals.1)
    buf                                      0x200000c1   Data         256  main.o(.bss.buf)
    cnt_2s                                   0x200001c1   Data           1  bsp_timer.o(.bss.cnt_2s)
    dis_set_state                            0x200001c2   Data           1  main.o(.bss.dis_set_state)



==============================================================================

Memory Map of the image

  Image Entry point : 0x000000c1

  Load Region LR_IROM1 (Base: 0x00000000, Size: 0x00001c38, Max: 0x00008000, ABSOLUTE)

    Execution Region ER_IROM1 (Exec base: 0x00000000, Load base: 0x00000000, Size: 0x00001c20, Max: 0x00008000, ABSOLUTE)

    Exec Addr    Load Addr    Size         Type   Attr      Idx    E Section Name        Object

    0x00000000   0x00000000   0x000000c0   Data   RO          560    RESET               startup_hc32f005.o
    0x000000c0   0x000000c0   0x00000008   Code   RO          687  * !!!main             c_pu.l(__main.o)
    0x000000c8   0x000000c8   0x0000003c   Code   RO          869    !!!scatter          c_pu.l(__scatter.o)
    0x00000104   0x00000104   0x0000001a   Code   RO          871    !!handler_copy      c_pu.l(__scatter_copy.o)
    0x0000011e   0x0000011e   0x00000002   PAD
    0x00000120   0x00000120   0x0000001c   Code   RO          873    !!handler_zi        c_pu.l(__scatter_zi.o)
    0x0000013c   0x0000013c   0x00000002   Code   RO          676    .ARM.Collect$$_printf_percent$$00000000  c_pu.l(_printf_percent.o)
    0x0000013e   0x0000013e   0x0000000a   Code   RO          675    .ARM.Collect$$_printf_percent$$00000009  c_pu.l(_printf_d.o)
    0x00000148   0x00000148   0x00000004   Code   RO          700    .ARM.Collect$$_printf_percent$$00000017  c_pu.l(_printf_percent_end.o)
    0x0000014c   0x0000014c   0x00000002   Code   RO          736    .ARM.Collect$$libinit$$00000000  c_pu.l(libinit.o)
    0x0000014e   0x0000014e   0x00000000   Code   RO          750    .ARM.Collect$$libinit$$00000002  c_pu.l(libinit2.o)
    0x0000014e   0x0000014e   0x00000000   Code   RO          752    .ARM.Collect$$libinit$$00000004  c_pu.l(libinit2.o)
    0x0000014e   0x0000014e   0x00000000   Code   RO          755    .ARM.Collect$$libinit$$0000000A  c_pu.l(libinit2.o)
    0x0000014e   0x0000014e   0x00000000   Code   RO          757    .ARM.Collect$$libinit$$0000000C  c_pu.l(libinit2.o)
    0x0000014e   0x0000014e   0x00000000   Code   RO          759    .ARM.Collect$$libinit$$0000000E  c_pu.l(libinit2.o)
    0x0000014e   0x0000014e   0x00000000   Code   RO          762    .ARM.Collect$$libinit$$00000011  c_pu.l(libinit2.o)
    0x0000014e   0x0000014e   0x00000000   Code   RO          764    .ARM.Collect$$libinit$$00000013  c_pu.l(libinit2.o)
    0x0000014e   0x0000014e   0x00000000   Code   RO          766    .ARM.Collect$$libinit$$00000015  c_pu.l(libinit2.o)
    0x0000014e   0x0000014e   0x00000000   Code   RO          768    .ARM.Collect$$libinit$$00000017  c_pu.l(libinit2.o)
    0x0000014e   0x0000014e   0x00000000   Code   RO          770    .ARM.Collect$$libinit$$00000019  c_pu.l(libinit2.o)
    0x0000014e   0x0000014e   0x00000000   Code   RO          772    .ARM.Collect$$libinit$$0000001B  c_pu.l(libinit2.o)
    0x0000014e   0x0000014e   0x00000000   Code   RO          774    .ARM.Collect$$libinit$$0000001D  c_pu.l(libinit2.o)
    0x0000014e   0x0000014e   0x00000000   Code   RO          776    .ARM.Collect$$libinit$$0000001F  c_pu.l(libinit2.o)
    0x0000014e   0x0000014e   0x00000000   Code   RO          778    .ARM.Collect$$libinit$$00000021  c_pu.l(libinit2.o)
    0x0000014e   0x0000014e   0x00000000   Code   RO          780    .ARM.Collect$$libinit$$00000023  c_pu.l(libinit2.o)
    0x0000014e   0x0000014e   0x00000000   Code   RO          782    .ARM.Collect$$libinit$$00000025  c_pu.l(libinit2.o)
    0x0000014e   0x0000014e   0x00000000   Code   RO          786    .ARM.Collect$$libinit$$0000002C  c_pu.l(libinit2.o)
    0x0000014e   0x0000014e   0x00000000   Code   RO          788    .ARM.Collect$$libinit$$0000002E  c_pu.l(libinit2.o)
    0x0000014e   0x0000014e   0x00000000   Code   RO          790    .ARM.Collect$$libinit$$00000030  c_pu.l(libinit2.o)
    0x0000014e   0x0000014e   0x00000000   Code   RO          792    .ARM.Collect$$libinit$$00000032  c_pu.l(libinit2.o)
    0x0000014e   0x0000014e   0x00000002   Code   RO          793    .ARM.Collect$$libinit$$00000033  c_pu.l(libinit2.o)
    0x00000150   0x00000150   0x00000002   Code   RO          824    .ARM.Collect$$libshutdown$$00000000  c_pu.l(libshutdown.o)
    0x00000152   0x00000152   0x00000000   Code   RO          852    .ARM.Collect$$libshutdown$$00000002  c_pu.l(libshutdown2.o)
    0x00000152   0x00000152   0x00000000   Code   RO          854    .ARM.Collect$$libshutdown$$00000004  c_pu.l(libshutdown2.o)
    0x00000152   0x00000152   0x00000000   Code   RO          857    .ARM.Collect$$libshutdown$$00000007  c_pu.l(libshutdown2.o)
    0x00000152   0x00000152   0x00000000   Code   RO          860    .ARM.Collect$$libshutdown$$0000000A  c_pu.l(libshutdown2.o)
    0x00000152   0x00000152   0x00000000   Code   RO          862    .ARM.Collect$$libshutdown$$0000000C  c_pu.l(libshutdown2.o)
    0x00000152   0x00000152   0x00000000   Code   RO          865    .ARM.Collect$$libshutdown$$0000000F  c_pu.l(libshutdown2.o)
    0x00000152   0x00000152   0x00000002   Code   RO          866    .ARM.Collect$$libshutdown$$00000010  c_pu.l(libshutdown2.o)
    0x00000154   0x00000154   0x00000000   Code   RO          689    .ARM.Collect$$rtentry$$00000000  c_pu.l(__rtentry.o)
    0x00000154   0x00000154   0x00000000   Code   RO          704    .ARM.Collect$$rtentry$$00000002  c_pu.l(__rtentry2.o)
    0x00000154   0x00000154   0x00000006   Code   RO          716    .ARM.Collect$$rtentry$$00000004  c_pu.l(__rtentry4.o)
    0x0000015a   0x0000015a   0x00000000   Code   RO          706    .ARM.Collect$$rtentry$$00000009  c_pu.l(__rtentry2.o)
    0x0000015a   0x0000015a   0x00000004   Code   RO          707    .ARM.Collect$$rtentry$$0000000A  c_pu.l(__rtentry2.o)
    0x0000015e   0x0000015e   0x00000000   Code   RO          709    .ARM.Collect$$rtentry$$0000000C  c_pu.l(__rtentry2.o)
    0x0000015e   0x0000015e   0x00000008   Code   RO          710    .ARM.Collect$$rtentry$$0000000D  c_pu.l(__rtentry2.o)
    0x00000166   0x00000166   0x00000002   Code   RO          741    .ARM.Collect$$rtexit$$00000000  c_pu.l(rtexit.o)
    0x00000168   0x00000168   0x00000000   Code   RO          799    .ARM.Collect$$rtexit$$00000002  c_pu.l(rtexit2.o)
    0x00000168   0x00000168   0x00000004   Code   RO          800    .ARM.Collect$$rtexit$$00000003  c_pu.l(rtexit2.o)
    0x0000016c   0x0000016c   0x00000006   Code   RO          801    .ARM.Collect$$rtexit$$00000004  c_pu.l(rtexit2.o)
    0x00000172   0x00000172   0x00000002   PAD
    0x00000174   0x00000174   0x00000058   Code   RO          561    .text               startup_hc32f005.o
    0x000001cc   0x000001cc   0x00000028   Code   RO          649    .text               c_pu.l(noretval__2sprintf.o)
    0x000001f4   0x000001f4   0x0000006c   Code   RO          651    .text               c_pu.l(__printf.o)
    0x00000260   0x00000260   0x0000006c   Code   RO          653    .text               c_pu.l(_printf_dec.o)
    0x000002cc   0x000002cc   0x00000044   Code   RO          677    .text               c_pu.l(strlen.o)
    0x00000310   0x00000310   0x00000040   Code   RO          679    .text               c_pu.l(rt_memclr.o)
    0x00000350   0x00000350   0x0000016c   Code   RO          681    .text               c_pu.l(aeabi_sdiv.o)
    0x000004bc   0x000004bc   0x00000006   Code   RO          685    .text               c_pu.l(heapauxi.o)
    0x000004c2   0x000004c2   0x000000b0   Code   RO          694    .text               c_pu.l(_printf_intcommon.o)
    0x00000572   0x00000572   0x00000002   PAD
    0x00000574   0x00000574   0x00000030   Code   RO          696    .text               c_pu.l(_printf_char_common.o)
    0x000005a4   0x000005a4   0x0000000a   Code   RO          698    .text               c_pu.l(_sputc.o)
    0x000005ae   0x000005ae   0x00000028   Code   RO          701    .text               c_pu.l(rtudiv10.o)
    0x000005d6   0x000005d6   0x0000003e   Code   RO          722    .text               c_pu.l(sys_stackheap_outer.o)
    0x00000614   0x00000614   0x00000010   Code   RO          725    .text               c_pu.l(exit.o)
    0x00000624   0x00000624   0x00000008   Code   RO          737    .text               c_pu.l(libspace.o)
    0x0000062c   0x0000062c   0x0000000c   Code   RO          794    .text               c_pu.l(sys_exit.o)
    0x00000638   0x00000638   0x00000002   Code   RO          813    .text               c_pu.l(use_no_semi.o)
    0x0000063a   0x0000063a   0x00000000   Code   RO          815    .text               c_pu.l(indicate_semi.o)
    0x0000063a   0x0000063a   0x00000008   Code   RO          623    .text.ADC_IRQHandler  interrupts_hc32f005.o
    0x00000642   0x00000642   0x00000002   PAD
    0x00000644   0x00000644   0x0000000c   Code   RO          261    .text.Adc_ClrContIrqState  adc.o
    0x00000650   0x00000650   0x0000000c   Code   RO          265    .text.Adc_ClrHhtIrqState  adc.o
    0x0000065c   0x0000065c   0x0000000c   Code   RO          267    .text.Adc_ClrIrqLltState  adc.o
    0x00000668   0x00000668   0x00000010   Code   RO          263    .text.Adc_ClrRegIrqState  adc.o
    0x00000678   0x00000678   0x00000048   Code   RO          271    .text.Adc_CmpCfg    adc.o
    0x000006c0   0x000006c0   0x00000044   Code   RO          287    .text.Adc_ConfigNormMode  adc.o
    0x00000704   0x00000704   0x0000000c   Code   RO          283    .text.Adc_Enable    adc.o
    0x00000710   0x00000710   0x00000010   Code   RO          269    .text.Adc_EnableIrq  adc.o
    0x00000720   0x00000720   0x0000001c   Code   RO          303    .text.Adc_GetCH8Result  adc.o
    0x0000073c   0x0000073c   0x0000004c   Code   RO           42    .text.Adc_IRQHandler  bsp_adc.o
    0x00000788   0x00000788   0x000000e0   Code   RO          275    .text.Adc_Init      adc.o
    0x00000868   0x00000868   0x00000042   Code   RO            2    .text.App_Rch4MHzTo24MHz  main.o
    0x000008aa   0x000008aa   0x00000002   PAD
    0x000008ac   0x000008ac   0x00000018   Code   RO          316    .text.Bgr_BgrEnable  bgr.o
    0x000008c4   0x000008c4   0x00000040   Code   RO          346    .text.Bt_ARRSet     bt.o
    0x00000904   0x00000904   0x00000028   Code   RO          334    .text.Bt_ClearIntFlag  bt.o
    0x0000092c   0x0000092c   0x00000030   Code   RO          348    .text.Bt_Cnt16Set   bt.o
    0x0000095c   0x0000095c   0x00000028   Code   RO          338    .text.Bt_DisableIrq  bt.o
    0x00000984   0x00000984   0x00000028   Code   RO          336    .text.Bt_EnableIrq  bt.o
    0x000009ac   0x000009ac   0x00000080   Code   RO          340    .text.Bt_Init       bt.o
    0x00000a2c   0x00000a2c   0x00000024   Code   RO          342    .text.Bt_Run        bt.o
    0x00000a50   0x00000a50   0x00000028   Code   RO          344    .text.Bt_Stop       bt.o
    0x00000a78   0x00000a78   0x00000008   Code   RO          635    .text.CLKTRIM_IRQHandler  interrupts_hc32f005.o
    0x00000a80   0x00000a80   0x00000008   Code   RO          595    .text.DMAC_IRQHandler  interrupts_hc32f005.o
    0x00000a88   0x00000a88   0x00000088   Code   RO          581    .text.EnableNvic    interrupts_hc32f005.o
    0x00000b10   0x00000b10   0x0000000c   Code   RO          633    .text.FLASH_RAM_IRQHandler  interrupts_hc32f005.o
    0x00000b1c   0x00000b1c   0x00000084   Code   RO          529    .text.Flash_Init    flash.o
    0x00000ba0   0x00000ba0   0x0000007c   Code   RO          541    .text.Flash_SectorErase  flash.o
    0x00000c1c   0x00000c1c   0x0000008c   Code   RO          537    .text.Flash_WriteHalfWord  flash.o
    0x00000ca8   0x00000ca8   0x0000000a   Code   RO          205    .text.GetBit        ddl.o
    0x00000cb2   0x00000cb2   0x00000002   PAD
    0x00000cb4   0x00000cb4   0x00000010   Code   RO          367    .text.Gpio_GetInputIO  gpio.o
    0x00000cc4   0x00000cc4   0x00000070   Code   RO          365    .text.Gpio_Init     gpio.o
    0x00000d34   0x00000d34   0x00000010   Code   RO          377    .text.Gpio_SetAfMode  gpio.o
    0x00000d44   0x00000d44   0x00000010   Code   RO          375    .text.Gpio_SetAnalogMode  gpio.o
    0x00000d54   0x00000d54   0x00000014   Code   RO          371    .text.Gpio_WriteOutputIO  gpio.o
    0x00000d68   0x00000d68   0x00000010   Code   RO          583    .text.HardFault_Handler  interrupts_hc32f005.o
    0x00000d78   0x00000d78   0x00000008   Code   RO          605    .text.I2C_IRQHandler  interrupts_hc32f005.o
    0x00000d80   0x00000d80   0x00000008   Code   RO          631    .text.LVD_IRQHandler  interrupts_hc32f005.o
    0x00000d88   0x00000d88   0x00000008   Code   RO          619    .text.PCA_IRQHandler  interrupts_hc32f005.o
    0x00000d90   0x00000d90   0x00000008   Code   RO          625    .text.PCNT_IRQHandler  interrupts_hc32f005.o
    0x00000d98   0x00000d98   0x00000008   Code   RO          587    .text.PORT0_IRQHandler  interrupts_hc32f005.o
    0x00000da0   0x00000da0   0x00000008   Code   RO          589    .text.PORT1_IRQHandler  interrupts_hc32f005.o
    0x00000da8   0x00000da8   0x00000008   Code   RO          591    .text.PORT2_IRQHandler  interrupts_hc32f005.o
    0x00000db0   0x00000db0   0x00000008   Code   RO          593    .text.PORT3_IRQHandler  interrupts_hc32f005.o
    0x00000db8   0x00000db8   0x00000014   Code   RO          429    .text.Pca_ClrItStatus  pca.o
    0x00000dcc   0x00000dcc   0x0000001c   Code   RO          439    .text.Pca_ConfModulexIt  pca.o
    0x00000de8   0x00000de8   0x00000014   Code   RO          437    .text.Pca_ConfPcaIt  pca.o
    0x00000dfc   0x00000dfc   0x0000000c   Code   RO          427    .text.Pca_GetItStatus  pca.o
    0x00000e08   0x00000e08   0x0000004c   Code   RO           88    .text.Pca_IRQHandler  ld_pwm.o
    0x00000e54   0x00000e54   0x000000b8   Code   RO          443    .text.Pca_M1Init    pca.o
    0x00000f0c   0x00000f0c   0x0000005c   Code   RO          457    .text.Pca_SetCcap   pca.o
    0x00000f68   0x00000f68   0x00000040   Code   RO          453    .text.Pca_SetCnt    pca.o
    0x00000fa8   0x00000fa8   0x00000014   Code   RO          431    .text.Pca_StartPca  pca.o
    0x00000fbc   0x00000fbc   0x00000008   Code   RO          603    .text.SPI_IRQHandler  interrupts_hc32f005.o
    0x00000fc4   0x00000fc4   0x00000016   Code   RO          203    .text.SetBit        ddl.o
    0x00000fda   0x00000fda   0x00000008   Code   RO          585    .text.SysTick_Handler  interrupts_hc32f005.o
    0x00000fe2   0x00000fe2   0x00000002   PAD
    0x00000fe4   0x00000fe4   0x0000005c   Code   RO          230    .text.Sysctrl_ClkInit  sysctrl.o
    0x00001040   0x00001040   0x00000094   Code   RO          216    .text.Sysctrl_ClkSourceEnable  sysctrl.o
    0x000010d4   0x000010d4   0x00000098   Code   RO          226    .text.Sysctrl_GetHClkFreq  sysctrl.o
    0x0000116c   0x0000116c   0x00000014   Code   RO          228    .text.Sysctrl_GetPClkFreq  sysctrl.o
    0x00001180   0x00001180   0x00000020   Code   RO          232    .text.Sysctrl_SetHCLKDiv  sysctrl.o
    0x000011a0   0x000011a0   0x00000020   Code   RO          234    .text.Sysctrl_SetPCLKDiv  sysctrl.o
    0x000011c0   0x000011c0   0x00000014   Code   RO          244    .text.Sysctrl_SetPeripheralGate  sysctrl.o
    0x000011d4   0x000011d4   0x00000028   Code   RO          238    .text.Sysctrl_SetRCHTrim  sysctrl.o
    0x000011fc   0x000011fc   0x0000002c   Code   RO          242    .text.Sysctrl_SetRCLTrim  sysctrl.o
    0x00001228   0x00001228   0x00000030   Code   RO          224    .text.Sysctrl_SysClkSwitch  sysctrl.o
    0x00001258   0x00001258   0x0000000c   Code   RO          568    .text.SystemCoreClockUpdate  system_hc32f005.o
    0x00001264   0x00001264   0x00000008   Code   RO          570    .text.SystemInit    system_hc32f005.o
    0x0000126c   0x0000126c   0x00000008   Code   RO          607    .text.TIM0_IRQHandler  interrupts_hc32f005.o
    0x00001274   0x00001274   0x00000008   Code   RO          609    .text.TIM1_IRQHandler  interrupts_hc32f005.o
    0x0000127c   0x0000127c   0x00000008   Code   RO          611    .text.TIM2_IRQHandler  interrupts_hc32f005.o
    0x00001284   0x00001284   0x00000008   Code   RO          597    .text.TIM3_IRQHandler  interrupts_hc32f005.o
    0x0000128c   0x0000128c   0x00000008   Code   RO          613    .text.TIM4_IRQHandler  interrupts_hc32f005.o
    0x00001294   0x00001294   0x00000008   Code   RO          615    .text.TIM5_IRQHandler  interrupts_hc32f005.o
    0x0000129c   0x0000129c   0x00000008   Code   RO          617    .text.TIM6_IRQHandler  interrupts_hc32f005.o
    0x000012a4   0x000012a4   0x00000018   Code   RO          168    .text.Tim0_IRQHandler  bsp_timer.o
    0x000012bc   0x000012bc   0x00000008   Code   RO          599    .text.UART0_IRQHandler  interrupts_hc32f005.o
    0x000012c4   0x000012c4   0x00000008   Code   RO          601    .text.UART1_IRQHandler  interrupts_hc32f005.o
    0x000012cc   0x000012cc   0x00000024   Code   RO           55    .text.Uart1_IRQHandler  bsp_uart.o
    0x000012f0   0x000012f0   0x00000010   Code   RO          500    .text.Uart_ClrStatus  uart.o
    0x00001300   0x00001300   0x0000000e   Code   RO          490    .text.Uart_EnableFunc  uart.o
    0x0000130e   0x0000130e   0x0000000e   Code   RO          474    .text.Uart_EnableIrq  uart.o
    0x0000131c   0x0000131c   0x0000000a   Code   RO          496    .text.Uart_GetStatus  uart.o
    0x00001326   0x00001326   0x0000001c   Code   RO          510    .text.Uart_Init     uart.o
    0x00001342   0x00001342   0x00000004   Code   RO          508    .text.Uart_ReceiveData  uart.o
    0x00001346   0x00001346   0x00000022   Code   RO          502    .text.Uart_SendDataPoll  uart.o
    0x00001368   0x00001368   0x0000003c   Code   RO          488    .text.Uart_SetBaudRate  uart.o
    0x000013a4   0x000013a4   0x00000008   Code   RO          627    .text.VC0_IRQHandler  interrupts_hc32f005.o
    0x000013ac   0x000013ac   0x00000008   Code   RO          629    .text.VC1_IRQHandler  interrupts_hc32f005.o
    0x000013b4   0x000013b4   0x00000008   Code   RO          621    .text.WDT_IRQHandler  interrupts_hc32f005.o
    0x000013bc   0x000013bc   0x0000002e   Code   RO          105    .text.act_led_init  led.o
    0x000013ea   0x000013ea   0x0000000e   Code   RO          109    .text.act_led_off   led.o
    0x000013f8   0x000013f8   0x0000000e   Code   RO          107    .text.act_led_on    led.o
    0x00001406   0x00001406   0x00000002   PAD
    0x00001408   0x00001408   0x0000002c   Code   RO            6    .text.act_led_output  main.o
    0x00001434   0x00001434   0x000000a4   Code   RO           38    .text.adc_init      bsp_adc.o
    0x000014d8   0x000014d8   0x00000014   Code   RO          111    .text.all_led_init  led.o
    0x000014ec   0x000014ec   0x00000002   Code   RO          151    .text.check_update_data  data_save.o
    0x000014ee   0x000014ee   0x0000000c   Code   RO           16    .text.current_protect  main.o
    0x000014fa   0x000014fa   0x00000028   Code   RO          121    .text.current_signal_init  bsp_current_signal.o
    0x00001522   0x00001522   0x00000014   Code   RO          183    .text.ddl_memclr    ddl.o
    0x00001536   0x00001536   0x00000002   PAD
    0x00001538   0x00001538   0x00000044   Code   RO          201    .text.delay10us     ddl.o
    0x0000157c   0x0000157c   0x0000004c   Code   RO          197    .text.delay1ms      ddl.o
    0x000015c8   0x000015c8   0x00000038   Code   RO           12    .text.detect_dis_set  main.o
    0x00001600   0x00001600   0x00000034   Code   RO           14    .text.func_led_display  main.o
    0x00001634   0x00001634   0x00000040   Code   RO            8    .text.func_led_output  main.o
    0x00001674   0x00001674   0x00000078   Code   RO           72    .text.get_key_state  key.o
    0x000016ec   0x000016ec   0x00000028   Code   RO           70    .text.key_init      key.o
    0x00001714   0x00001714   0x00000090   Code   RO           86    .text.ld_pwm_init   ld_pwm.o
    0x000017a4   0x000017a4   0x000000d0   Code   RO           18    .text.main          main.o
    0x00001874   0x00001874   0x00000028   Code   RO           10    .text.object_detect  main.o
    0x0000189c   0x0000189c   0x00000038   Code   RO          133    .text.output_signal_init  bsp_output_signal.o
    0x000018d4   0x000018d4   0x00000010   Code   RO          123    .text.over_current_dec  bsp_current_signal.o
    0x000018e4   0x000018e4   0x0000001c   Code   RO            4    .text.pnp_output    main.o
    0x00001900   0x00001900   0x0000002e   Code   RO           99    .text.power_led_init  led.o
    0x0000192e   0x0000192e   0x0000000e   Code   RO          103    .text.power_led_off  led.o
    0x0000193c   0x0000193c   0x0000000e   Code   RO          101    .text.power_led_on  led.o
    0x0000194a   0x0000194a   0x0000000e   Code   RO          137    .text.signal_output_high_level  bsp_output_signal.o
    0x00001958   0x00001958   0x0000000e   Code   RO          135    .text.signal_output_low_level  bsp_output_signal.o
    0x00001966   0x00001966   0x00000002   PAD
    0x00001968   0x00001968   0x00000080   Code   RO          162    .text.timer0_timer_init  bsp_timer.o
    0x000019e8   0x000019e8   0x0000005c   Code   RO          164    .text.timer_start   bsp_timer.o
    0x00001a44   0x00001a44   0x00000064   Code   RO          166    .text.timer_stop    bsp_timer.o
    0x00001aa8   0x00001aa8   0x000000e0   Code   RO           57    .text.uart0_init    bsp_uart.o
    0x00001b88   0x00001b88   0x00000028   Code   RO           59    .text.uart0_send_data  bsp_uart.o
    0x00001bb0   0x00001bb0   0x0000002e   Code   RO          147    .text.write_data_to_flash  data_save.o
    0x00001bde   0x00001bde   0x00000002   PAD
    0x00001be0   0x00001be0   0x00000020   Data   RO          549    .rodata.pu32PcgTimer4M  flash.o
    0x00001c00   0x00001c00   0x00000020   Data   RO          868    Region$$Table       anon$$obj.o


    Execution Region RW_IRAM1 (Exec base: 0x20000000, Load base: 0x00001c20, Size: 0x000005c8, Max: 0x00001000, ABSOLUTE)

    Exec Addr    Load Addr    Size         Type   Attr      Idx    E Section Name        Object

    0x20000000   0x00001c20   0x00000010   Data   RW           28    .data..L_MergedGlobals  main.o
    0x20000010   0x00001c30   0x00000004   Data   RW           90    .data..L_MergedGlobals  ld_pwm.o
    0x20000014   0x00001c34   0x00000004   Data   RW          572    .data.SystemCoreClock  system_hc32f005.o
    0x20000018        -       0x00000060   Zero   RW          738    .bss                c_pu.l(libspace.o)
    0x20000078        -       0x0000002c   Zero   RW           45    .bss..L_MergedGlobals  bsp_adc.o
    0x200000a4        -       0x00000014   Zero   RW           76    .bss..L_MergedGlobals  key.o
    0x200000b8        -       0x00000002   Zero   RW          171    .bss..L_MergedGlobals  bsp_timer.o
    0x200000ba        -       0x00000006   Zero   RW           29    .bss..L_MergedGlobals.1  main.o
    0x200000c0        -       0x00000001   Zero   RW           44    .bss.Adc_IRQHandler.cnt  bsp_adc.o
    0x200000c1        -       0x00000100   Zero   RW           22    .bss.buf            main.o
    0x200001c1        -       0x00000001   Zero   RW          170    .bss.cnt_2s         bsp_timer.o
    0x200001c2        -       0x00000001   Zero   RW           20    .bss.dis_set_state  main.o
    0x200001c3   0x00001c38   0x00000005   PAD
    0x200001c8        -       0x00000200   Zero   RW          559    HEAP                startup_hc32f005.o
    0x200003c8        -       0x00000200   Zero   RW          558    STACK               startup_hc32f005.o


==============================================================================

Image component sizes


      Code (inc. data)   RO Data    RW Data    ZI Data      Debug   Object Name

       472         60          0          0          0      10566   adc.o
        24          4          0          0          0       1116   bgr.o
       240         20          0          0         45       7954   bsp_adc.o
        56          0          0          0          0       2268   bsp_current_signal.o
        84          0          0          0          0       2246   bsp_output_signal.o
       344         84          0          0          3       3191   bsp_timer.o
       300         16          0          0          0       6059   bsp_uart.o
       436         20          0          0          0       5938   bt.o
        48          0          0          0          0       1338   data_save.o
       196         16          0          0          0       3283   ddl.o
       396         24         32          0          0       7141   flash.o
       180         20          0          0          0      21662   gpio.o
       364         20          0          0          0       5353   interrupts_hc32f005.o
       160          8          0          0         20       3553   key.o
       220          8          0          4          0       4425   ld_pwm.o
       168          0          0          0          0       2547   led.o
       570         32          0         16        263       4004   main.o
       440         38          0          0          0      10731   pca.o
        88         40        192          0       1024        616   startup_hc32f005.o
       628         76          0          0          0      24322   sysctrl.o
        20          0          0          4          0        649   system_hc32f005.o
       180          4          0          0          0       7127   uart.o

    ----------------------------------------------------------------------
      5630        490        256         24       1360     136089   Object Totals
         0          0         32          0          0          0   (incl. Generated)
        16          0          0          0          5          0   (incl. Padding)

    ----------------------------------------------------------------------

      Code (inc. data)   RO Data    RW Data    ZI Data      Debug   Library Member Name

         8          0          0          0          0         68   __main.o
       108          0          0          0          0         76   __printf.o
         0          0          0          0          0          0   __rtentry.o
        12          0          0          0          0          0   __rtentry2.o
         6          0          0          0          0          0   __rtentry4.o
        60          8          0          0          0          0   __scatter.o
        26          0          0          0          0          0   __scatter_copy.o
        28          0          0          0          0          0   __scatter_zi.o
        48          6          0          0          0         88   _printf_char_common.o
        10          0          0          0          0          0   _printf_d.o
       108         18          0          0          0         76   _printf_dec.o
       176          0          0          0          0         84   _printf_intcommon.o
         2          0          0          0          0          0   _printf_percent.o
         4          0          0          0          0          0   _printf_percent_end.o
        10          0          0          0          0         60   _sputc.o
       364          4          0          0          0         92   aeabi_sdiv.o
        16          0          0          0          0         68   exit.o
         6          0          0          0          0        136   heapauxi.o
         0          0          0          0          0          0   indicate_semi.o
         2          0          0          0          0          0   libinit.o
         2          0          0          0          0          0   libinit2.o
         2          0          0          0          0          0   libshutdown.o
         2          0          0          0          0          0   libshutdown2.o
         8          4          0          0         96         68   libspace.o
        40          4          0          0          0         84   noretval__2sprintf.o
        64          0          0          0          0        108   rt_memclr.o
         2          0          0          0          0          0   rtexit.o
        10          0          0          0          0          0   rtexit2.o
        40          0          0          0          0         60   rtudiv10.o
        68          6          0          0          0         72   strlen.o
        12          4          0          0          0         60   sys_exit.o
        62          0          0          0          0         80   sys_stackheap_outer.o
         2          0          0          0          0         68   use_no_semi.o

    ----------------------------------------------------------------------
      1314         54          0          0         96       1348   Library Totals
         6          0          0          0          0          0   (incl. Padding)

    ----------------------------------------------------------------------

      Code (inc. data)   RO Data    RW Data    ZI Data      Debug   Library Name

      1308         54          0          0         96       1348   c_pu.l

    ----------------------------------------------------------------------
      1314         54          0          0         96       1348   Library Totals

    ----------------------------------------------------------------------

==============================================================================


      Code (inc. data)   RO Data    RW Data    ZI Data      Debug   

      6944        544        256         24       1456     136577   Grand Totals
      6944        544        256         24       1456     136577   ELF Image Totals
      6944        544        256         24          0          0   ROM Totals

==============================================================================

    Total RO  Size (Code + RO Data)                 7200 (   7.03kB)
    Total RW  Size (RW Data + ZI Data)              1480 (   1.45kB)
    Total ROM Size (Code + RO Data + RW Data)       7224 (   7.05kB)

==============================================================================

