###############################################################################
#
# IAR ELF Linker V8.32.3.193/W32 for ARM                  28/Jan/2024  11:42:14
# Copyright 2007-2019 IAR Systems AB.
#
#    Output file  =  
#        E:\hc\HC32F005_DDL_Rev2.0.0\HC32F005_DDL_Rev2.0.0\example\uart\uart_int\EWARM\output\release\Exe\uart_int.out
#    Map file     =  
#        E:\hc\HC32F005_DDL_Rev2.0.0\HC32F005_DDL_Rev2.0.0\example\uart\uart_int\EWARM\output\release\List\uart_int.map
#    Command line =  
#        -f C:\Users\86152\AppData\Local\Temp\EW52DD.tmp
#        (E:\hc\HC32F005_DDL_Rev2.0.0\HC32F005_DDL_Rev2.0.0\example\uart\uart_int\EWARM\output\release\Obj\bt.o
#        E:\hc\HC32F005_DDL_Rev2.0.0\HC32F005_DDL_Rev2.0.0\example\uart\uart_int\EWARM\output\release\Obj\ddl.o
#        E:\hc\HC32F005_DDL_Rev2.0.0\HC32F005_DDL_Rev2.0.0\example\uart\uart_int\EWARM\output\release\Obj\gpio.o
#        E:\hc\HC32F005_DDL_Rev2.0.0\HC32F005_DDL_Rev2.0.0\example\uart\uart_int\EWARM\output\release\Obj\interrupts_hc32f005.o
#        E:\hc\HC32F005_DDL_Rev2.0.0\HC32F005_DDL_Rev2.0.0\example\uart\uart_int\EWARM\output\release\Obj\lpm.o
#        E:\hc\HC32F005_DDL_Rev2.0.0\HC32F005_DDL_Rev2.0.0\example\uart\uart_int\EWARM\output\release\Obj\main.o
#        E:\hc\HC32F005_DDL_Rev2.0.0\HC32F005_DDL_Rev2.0.0\example\uart\uart_int\EWARM\output\release\Obj\startup_hc32f005.o
#        E:\hc\HC32F005_DDL_Rev2.0.0\HC32F005_DDL_Rev2.0.0\example\uart\uart_int\EWARM\output\release\Obj\sysctrl.o
#        E:\hc\HC32F005_DDL_Rev2.0.0\HC32F005_DDL_Rev2.0.0\example\uart\uart_int\EWARM\output\release\Obj\system_hc32f005.o
#        E:\hc\HC32F005_DDL_Rev2.0.0\HC32F005_DDL_Rev2.0.0\example\uart\uart_int\EWARM\output\release\Obj\uart.o
#        --misrac2004=all,~1.1,~2.2,~5.1,~6.3-6.4,~8.1,~8.10,~10.1,~10.3,~11.3-11.4,~12.4,~12.6,~12.13,~14.3,~14.5-14.7,~16.1,~17.4,~18.4-19.1,~20.2,~20.12
#        --no_out_extension -o
#        E:\hc\HC32F005_DDL_Rev2.0.0\HC32F005_DDL_Rev2.0.0\example\uart\uart_int\EWARM\output\release\Exe\uart_int.out
#        --map
#        E:\hc\HC32F005_DDL_Rev2.0.0\HC32F005_DDL_Rev2.0.0\example\uart\uart_int\EWARM\output\release\List\uart_int.map
#        --config
#        E:\hc\HC32F005_DDL_Rev2.0.0\HC32F005_DDL_Rev2.0.0\example\uart\uart_int\EWARM\HC32F005.icf
#        --semihosting --entry __iar_program_start --redirect
#        __write=__write_buffered --vfe --text_out locale)
#
###############################################################################

*******************************************************************************
*** RUNTIME MODEL ATTRIBUTES
***

CppFlavor       = *
__SystemLibrary = DLib
__dlib_version  = 6


*******************************************************************************
*** HEAP SELECTION
***

The basic heap was selected because no calls to memory allocation
functions were found in the application outside of system library
functions, and there are calls to deallocation functions in the
application.


*******************************************************************************
*** PLACEMENT SUMMARY
***

"A0":  place at 0x0 { ro section .intvec };
"P1":  place in [from 0x0 to 0x7fff] { ro };
define block CSTACK with size = 256, alignment = 8 { };
define block HEAP with size = 256, alignment = 8 { };
"P2":  place in [from 0x2000'0000 to 0x2000'0fff] {
          rw, block CSTACK, block HEAP };
initialize by copy { rw };

  Section            Kind         Address   Size  Object
  -------            ----         -------   ----  ------
"A0":                                       0xc0
  .intvec            ro code          0x0   0xc0  startup_hc32f005.o [1]
                                   - 0xc0   0xc0

"P1":                                      0x90c
  .text              ro code         0xc0  0x23c  bt.o [1]
  .text              ro code        0x2fc  0x184  main.o [1]
  .text              ro code        0x480  0x120  uart.o [1]
  .text              ro code        0x5a0   0x32  ddl.o [1]
  .text              ro code        0x5d2    0x2  startup_hc32f005.o [1]
  .text              ro code        0x5d4   0xcc  sysctrl.o [1]
  .text              ro code        0x6a0   0x98  gpio.o [1]
  .text              ro code        0x738  0x144  interrupts_hc32f005.o [1]
  .text              ro code        0x87c   0x36  I32DivMod.o [3]
  .text              ro code        0x8b2    0x2  startup_hc32f005.o [1]
  .text              ro code        0x8b4   0x10  ABImemset_small.o [3]
  .text              ro code        0x8c4    0x2  IntDivZer.o [3]
  .text              ro code        0x8c6   0x30  copy_init3.o [3]
  .text              ro code        0x8f6    0x2  startup_hc32f005.o [1]
  .text              ro code        0x8f8   0x28  startup_hc32f005.o [1]
  .text              ro code        0x920   0x28  data_init.o [3]
  .iar.init_table    const          0x948   0x14  - Linker created -
  .text              ro code        0x95c   0x1e  cmain.o [3]
  .text              ro code        0x97a    0x4  low_level_init.o [2]
  .text              ro code        0x97e    0x8  exit.o [2]
  .text              ro code        0x986    0x2  startup_hc32f005.o [1]
  .text              ro code        0x988    0xa  cexit.o [3]
  .text              ro code        0x994   0x14  exit.o [4]
  .text              ro code        0x9a8   0x10  system_hc32f005.o [1]
  .text              ro code        0x9b8    0xc  cstartup_M.o [3]
  Initializer bytes  const          0x9c4    0x8  <for P2-1>
  .rodata            const          0x9cc    0x0  copy_init3.o [3]
                                  - 0x9cc  0x90c

"P2", part 1 of 2:                           0x8
  P2-1                        0x2000'0000    0x8  <Init block>
    .data            inited   0x2000'0000    0x4  system_hc32f005.o [1]
    .data            inited   0x2000'0004    0x2  main.o [1]
    .bss             inited   0x2000'0006    0x1  main.o [1]
    .bss             inited   0x2000'0007    0x1  main.o [1]
                            - 0x2000'0008    0x8

"P2", part 2 of 2:                         0x100
  CSTACK                      0x2000'0008  0x100  <Block>
    CSTACK           uninit   0x2000'0008  0x100  <Block tail>
                            - 0x2000'0108  0x100

Unused ranges:

         From           To    Size
         ----           --    ----
        0x9cc       0x7fff  0x7634
  0x2000'0108  0x2000'0fff   0xef8


*******************************************************************************
*** INIT TABLE
***

          Address      Size
          -------      ----
Copy (__iar_copy_init3)
    1 source range, total size 0x8:
                0x9c4   0x8
    1 destination range, total size 0x8:
          0x2000'0000   0x8



*******************************************************************************
*** MODULE SUMMARY
***

    Module                 ro code  ro data  rw data
    ------                 -------  -------  -------
command line/config:
    ------------------------------------------------
    Total:

E:\hc\HC32F005_DDL_Rev2.0.0\HC32F005_DDL_Rev2.0.0\example\uart\uart_int\EWARM\output\release\Obj: [1]
    bt.o                       572
    ddl.o                       50
    gpio.o                     152
    interrupts_hc32f005.o      324
    main.o                     388        4        4
    startup_hc32f005.o         240
    sysctrl.o                  204
    system_hc32f005.o           16        4        4
    uart.o                     288
    ------------------------------------------------
    Total:                   2 234        8        8

dl6M_tlf.a: [2]
    exit.o                       8
    low_level_init.o             4
    ------------------------------------------------
    Total:                      12

rt6M_tl.a: [3]
    ABImemset_small.o           16
    I32DivMod.o                 54
    IntDivZer.o                  2
    cexit.o                     10
    cmain.o                     30
    copy_init3.o                48
    cstartup_M.o                12
    data_init.o                 40
    ------------------------------------------------
    Total:                     212

shb_l.a: [4]
    exit.o                      20
    ------------------------------------------------
    Total:                      20

    Gaps                         2
    Linker created                       20      256
----------------------------------------------------
    Grand Total:             2 480       28      264


*******************************************************************************
*** ENTRY LIST
***

Entry                       Address   Size  Type      Object
-----                       -------   ----  ----      ------
.iar.init_table$$Base         0x948          --   Gb  - Linker created -
.iar.init_table$$Limit        0x95c          --   Gb  - Linker created -
?main                         0x95d         Code  Gb  cmain.o [3]
ADC_IRQHandler                0x849    0x8  Code  Gb  interrupts_hc32f005.o [1]
App_PortInit                  0x381   0x46  Code  Lc  main.o [1]
App_UartInit                  0x43d   0x32  Code  Lc  main.o [1]
Bt_ARRSet                     0x285   0x20  Code  Gb  bt.o [1]
Bt_Cnt16Set                   0x2a5   0x20  Code  Gb  bt.o [1]
Bt_Init                        0xc1  0x18e  Code  Gb  bt.o [1]
Bt_Run                        0x24f   0x1e  Code  Gb  bt.o [1]
CLKTRIM_IRQHandler            0x875    0x8  Code  Gb  interrupts_hc32f005.o [1]
CSTACK$$Base            0x2000'0008          --   Gb  - Linker created -
CSTACK$$Limit           0x2000'0108          --   Gb  - Linker created -
CheckFlg                0x2000'0007    0x1  Data  Gb  main.o [1]
EnableNvic                    0x739   0x64  Code  Gb  interrupts_hc32f005.o [1]
FLASH_RAM_IRQHandler          0x869    0xc  Code  Gb  interrupts_hc32f005.o [1]
GetBit                        0x5c9    0xa  Code  Gb  ddl.o [1]
Gpio_Init                     0x6a1   0x6a  Code  Gb  gpio.o [1]
Gpio_SetAfMode                0x70b    0xe  Code  Gb  gpio.o [1]
HardFault_Handler             0x7b1   0x10  Code  Gb  interrupts_hc32f005.o [1]
I2C_IRQHandler                0x801    0x8  Code  Gb  interrupts_hc32f005.o [1]
LVD_IRQHandler                0x861    0x8  Code  Gb  interrupts_hc32f005.o [1]
PCA_IRQHandler                0x839    0x8  Code  Gb  interrupts_hc32f005.o [1]
PORT0_IRQHandler              0x7c9    0x8  Code  Gb  interrupts_hc32f005.o [1]
PORT1_IRQHandler              0x7d1    0x8  Code  Gb  interrupts_hc32f005.o [1]
PORT2_IRQHandler              0x7d9    0x8  Code  Gb  interrupts_hc32f005.o [1]
PORT3_IRQHandler              0x7e1    0x8  Code  Gb  interrupts_hc32f005.o [1]
Region$$Table$$Base           0x948          --   Gb  - Linker created -
Region$$Table$$Limit          0x95c          --   Gb  - Linker created -
SPI_IRQHandler                0x7f9    0x8  Code  Gb  interrupts_hc32f005.o [1]
SetBit                        0x5b3   0x16  Code  Gb  ddl.o [1]
SysTick_Handler               0x7c1    0x8  Code  Gb  interrupts_hc32f005.o [1]
Sysctrl_GetHClkFreq           0x5d5   0x78  Code  Gb  sysctrl.o [1]
Sysctrl_GetPClkFreq           0x64d   0x12  Code  Gb  sysctrl.o [1]
Sysctrl_SetPeripheralGate
                              0x665    0xa  Code  Gb  sysctrl.o [1]
SystemCoreClock         0x2000'0000    0x4  Data  Gb  system_hc32f005.o [1]
SystemInit                    0x9a9    0x2  Code  Gb  system_hc32f005.o [1]
TIM0_IRQHandler               0x809    0x8  Code  Gb  interrupts_hc32f005.o [1]
TIM1_IRQHandler               0x811    0x8  Code  Gb  interrupts_hc32f005.o [1]
TIM2_IRQHandler               0x819    0x8  Code  Gb  interrupts_hc32f005.o [1]
TIM4_IRQHandler               0x821    0x8  Code  Gb  interrupts_hc32f005.o [1]
TIM5_IRQHandler               0x829    0x8  Code  Gb  interrupts_hc32f005.o [1]
TIM6_IRQHandler               0x831    0x8  Code  Gb  interrupts_hc32f005.o [1]
UART0_IRQHandler              0x7e9    0x8  Code  Gb  interrupts_hc32f005.o [1]
UART1_IRQHandler              0x7f1    0x8  Code  Gb  interrupts_hc32f005.o [1]
Uart1_IRQHandler              0x357   0x2a  Code  Gb  main.o [1]
Uart_CheckEvenOrOdd           0x485   0x40  Code  Gb  uart.o [1]
Uart_ClrStatus                0x551    0x8  Code  Gb  uart.o [1]
Uart_EnableFunc               0x539    0x2  Code  Gb  uart.o [1]
Uart_EnableIrq                0x481    0x4  Code  Gb  uart.o [1]
Uart_GetStatus                0x547    0xa  Code  Gb  uart.o [1]
Uart_Init                     0x585   0x1c  Code  Gb  uart.o [1]
Uart_ReceiveData              0x57f    0x6  Code  Gb  uart.o [1]
Uart_SendDataPoll             0x559   0x26  Code  Gb  uart.o [1]
Uart_SetBaudRate              0x4f7   0x3c  Code  Gb  uart.o [1]
Uart_SetTb8                   0x4c5   0x32  Code  Gb  uart.o [1]
VC0_IRQHandler                0x851    0x8  Code  Gb  interrupts_hc32f005.o [1]
VC1_IRQHandler                0x859    0x8  Code  Gb  interrupts_hc32f005.o [1]
WDT_IRQHandler                0x841    0x8  Code  Gb  interrupts_hc32f005.o [1]
_UartBaudCfg                  0x3c7   0x76  Code  Lc  main.o [1]
__aeabi_idiv0                 0x8c5         Code  Gb  IntDivZer.o [3]
__cmain                       0x95d         Code  Gb  cmain.o [3]
__exit                        0x995   0x14  Code  Gb  exit.o [4]
__iar_copy_init3              0x8c7   0x30  Code  Gb  copy_init3.o [3]
__iar_data_init3              0x921   0x28  Code  Gb  data_init.o [3]
__iar_program_start           0x9b9         Code  Gb  cstartup_M.o [3]
__iar_small_Memset4_word
                              0x8b9         Code  Gb  ABImemset_small.o [3]
__iar_small_Memset_word
                              0x8b9         Code  Gb  ABImemset_small.o [3]
__iar_small_memclr            0x8b5         Code  Gb  ABImemset_small.o [3]
__iar_small_memclr4           0x8b5         Code  Gb  ABImemset_small.o [3]
__iar_small_memclr8           0x8b5         Code  Gb  ABImemset_small.o [3]
__iar_small_memset            0x8b9         Code  Gb  ABImemset_small.o [3]
__iar_small_memset4           0x8b9         Code  Gb  ABImemset_small.o [3]
__iar_small_memset8           0x8b9         Code  Gb  ABImemset_small.o [3]
__iar_small_uidiv             0x87d         Code  Gb  I32DivMod.o [3]
__iar_small_uidivmod          0x87d         Code  Gb  I32DivMod.o [3]
__low_level_init              0x97b    0x4  Code  Gb  low_level_init.o [2]
__vector_table                  0x0         Data  Gb  startup_hc32f005.o [1]
_call_main                    0x969         Code  Gb  cmain.o [3]
_exit                         0x989         Code  Gb  cexit.o [3]
_main                         0x977         Code  Gb  cmain.o [3]
ddl_memclr                    0x5a1   0x12  Code  Gb  ddl.o [1]
exit                          0x97f    0x8  Code  Gb  exit.o [2]
main                          0x2fd   0x5a  Code  Gb  main.o [1]
u8RxData                0x2000'0004    0x2  Data  Gb  main.o [1]
u8RxFlg                 0x2000'0006    0x1  Data  Gb  main.o [1]


[1] = E:\hc\HC32F005_DDL_Rev2.0.0\HC32F005_DDL_Rev2.0.0\example\uart\uart_int\EWARM\output\release\Obj
[2] = dl6M_tlf.a
[3] = rt6M_tl.a
[4] = shb_l.a

  2 480 bytes of readonly  code memory
     28 bytes of readonly  data memory
    264 bytes of readwrite data memory

Errors: none
Warnings: none
